Component: ARM Compiler 5.06 update 7 (build 960) Tool: armlink [4d3601]

==============================================================================

Section Cross References

    main.o(.text) refers to spi.o(.text) for spiActive
    main.o(.text) refers to wb_config.o(.text) for sysGetAPBClock
    main.o(.text) refers to aeabi_sdiv.o(.text_udiv) for __aeabi_uidivmod
    main.o(.text) refers to wb_uart.o(.text) for sysInitializeUART
    main.o(.text) refers to wb_cache.o(.text) for sysEnableCache
    main.o(.text) refers to wb_aic.o(.text) for sysSetLocalInterrupt
    main.o(.text) refers to wb_timer.o(.text) for sysSetTimerReferenceClock
    main.o(.text) refers to n9h26_edma.o(.text) for EDMA_Init
    main.o(.text) refers to smpl_pdma_spi.o(.text) for spiSlaveTest
    main.o(.text) refers to main.o(.bss) for HostCPU_Slave
    main.o(.text) refers to main.o(.conststring) for .conststring
    smpl_pdma_spi.o(.text) refers to wb_uart.o(.text) for sysprintf
    smpl_pdma_spi.o(.text) refers to n9h26_edma.o(.text) for PDMA_FindandRequest
    smpl_pdma_spi.o(.text) refers to spiflash_freertos.o(.text) for usiStatusWrite1
    smpl_pdma_spi.o(.text) refers to spi.o(.text) for spiEnable
    smpl_pdma_spi.o(.text) refers to smpl_pdma_spi.o(.data) for g_bPdmaInt
    smpl_pdma_spi.o(.text) refers to smpl_pdma_spi.o(.bss) for WriteBuffer
    wb_init.o(WB_INIT) refers to __main.o(!!!main) for __main
    spi.o(.text) refers to aeabi_sdiv.o(.text) for __aeabi_idivmod
    spi.o(.text) refers to wb_aic.o(.text) for sysInstallISR
    spi.o(.text) refers to wb_uart.o(.text) for sysprintf
    spi.o(.text) refers to spi.o(.data) for g_pfnSPI0callback
    n9h26_edma.o(.text) refers to drvedma.o(.text) for DrvEDMA_SetColorTransformFormat
    n9h26_edma.o(.text) refers to h1_alloc.o(.text) for malloc
    n9h26_edma.o(.text) refers to h1_free.o(.text) for free
    n9h26_edma.o(.text) refers to wb_aic.o(.text) for sysSetLocalInterrupt
    n9h26_edma.o(.text) refers to n9h26_edma.o(.bss) for edma_channels_info
    n9h26_edma.o(.text) refers to n9h26_edma.o(.data) for bIsEDMAInit
    drvedma.o(.text) refers to drvedma.o(.bss) for g_pfnEDMACallback
    drvedma.o(.text) refers to wb_aic.o(.text) for sysInstallISR
    drvedma.o(.text) refers to aeabi_sdiv.o(.text_udiv) for __aeabi_uidivmod
    spiflash_freertos.o(.text) refers to spi.o(.text) for spiSSEnable
    spiflash_freertos.o(.text) refers to wb_config.o(.text) for sysGetAPBClock
    spiflash_freertos.o(.text) refers to aeabi_sdiv.o(.text_udiv) for __aeabi_uidivmod
    spiflash_freertos.o(.text) refers to wb_uart.o(.text) for sysprintf
    spiflash_freertos.o(.text) refers to wb_timer.o(.text) for sysDelay
    spiflash_freertos.o(.text) refers to spiflash_freertos.o(.data) for bIsSpiFlashOK
    wb_aic.o(.text) refers to wb_cache.o(.text) for sysGetCacheState
    wb_aic.o(.text) refers to wb_aic.o(.data) for _sys_bIsHWMode
    wb_aic.o(.data) refers to wb_aic.o(.text) for WB_Interrupt_Shell
    wb_cache.o(.text) refers to wb_mmu.o(.text) for sysInitMMUTable
    wb_cache.o(.text) refers to wb_cache.o(.emb_text) for sys_flush_and_clean_dcache
    wb_cache.o(.text) refers to wb_cache.o(.data) for _sys_IsCacheOn
    wb_config.o(.text) refers to aeabi_sdiv.o(.text_udiv) for __aeabi_uidivmod
    wb_config.o(.text) refers to rt_memcpy.o(.text) for __aeabi_memcpy
    wb_config.o(.text) refers to wb_cache.o(.text) for sysGetCacheState
    wb_config.o(.text) refers to wb_uart.o(.text) for sysprintf
    wb_config.o(.text) refers to wb_config.o(.constdata) for .constdata
    wb_config.o(.text) refers to wb_config.o(.data) for bIsCheckConstraint
    wb_config.o(.text) refers to wb_uart.o(.data) for u32UartPort
    wb_config.o(.text) refers to wb_power.o(.bss) for _tmp_buf
    wb_timer.o(.text) refers to wb_aic.o(.text) for sysInstallISR
    wb_timer.o(.text) refers to aeabi_sdiv.o(.text_udiv) for __aeabi_uidivmod
    wb_timer.o(.text) refers to wb_uart.o(.text) for sysprintf
    wb_timer.o(.text) refers to wb_timer.o(.data) for _sys_uTimer0Count
    wb_timer.o(.text) refers to wb_timer.o(.bss) for tTime0Event
    wb_uart.o(.text) refers to aeabi_sdiv.o(.text_udiv) for __aeabi_uidivmod
    wb_uart.o(.text) refers to wb_aic.o(.text) for sysInstallISR
    wb_uart.o(.text) refers to strlen.o(.text) for strlen
    wb_uart.o(.text) refers to wb_config.o(.text) for sysGetExternalClock
    wb_uart.o(.text) refers to wb_uart.o(.data) for u32UartPort
    wb_uart.o(.text) refers to wb_uart.o(.bss) for pfnUartIntHandlerTable
    wb_mmu.o(.text) refers to wb_mmu.o(.emb_text) for sysSetupCP15
    wb_mmu.o(.text) refers to wb_mmu.o(.data) for .data
    wb_mmu.o(.text) refers to wb_mmu.o(.bss) for .bss
    wb_power.o(.text) refers to rt_memcpy.o(.text) for __aeabi_memcpy
    wb_power.o(.text) refers to wb_cache.o(.text) for sysGetCacheState
    wb_power.o(.text) refers to wb_uart.o(.text) for sysprintf
    malloc.o(.text) refers (Special) to hguard.o(.text) for __heap$guard
[...]
    __rtentry2.o(.ARM.Collect$$rtentry$$0000000A) refers to libinit.o(.ARM.Collect$$libinit$$00000000) for __rt_lib_init
    __rtentry2.o(.ARM.Collect$$rtentry$$0000000B) refers to boardinit3.o(.text) for _platform_post_lib_init
    __rtentry2.o(.ARM.Collect$$rtentry$$0000000D) refers to exit.o(.text) for exit
    __rtentry2.o(.ARM.Collect$$rtentry$$0000000D) refers to main.o(.text) for main
    __rtentry2.o(.ARM.exidx) refers to __rtentry2.o(.ARM.Collect$$rtentry$$00000001) for .ARM.Collect$$rtentry$$00000001
    __rtentry2.o(.ARM.exidx) refers to __rtentry2.o(.ARM.Collect$$rtentry$$00000008) for .ARM.Collect$$rtentry$$00000008
    __rtentry2.o(.ARM.exidx) refers to __rtentry2.o(.ARM.Collect$$rtentry$$0000000A) for .ARM.Collect$$rtentry$$0000000A
    __rtentry2.o(.ARM.exidx) refers to __rtentry2.o(.ARM.Collect$$rtentry$$0000000B) for .ARM.Collect$$rtentry$$0000000B
    __rtentry2.o(.ARM.exidx) refers to __rtentry2.o(.ARM.Collect$$rtentry$$0000000D) for .ARM.Collect$$rtentry$$0000000D
    __rtentry4.o(.ARM.Collect$$rtentry$$00000004) refers to sys_stackheap_outer.o(.text) for __user_setup_stackheap
    __rtentry4.o(.ARM.exidx) refers to __rtentry4.o(.ARM.Collect$$rtentry$$00000004) for .ARM.Collect$$rtentry$$00000004
    rt_div0.o(.text) refers to defsig_fpe_outer.o(.text) for __rt_SIGFPE
    maybetermalloc2.o(.emb_text) refers (Special) to term_alloc.o(.text) for _terminate_alloc
    h1_extend.o(.text) refers to h1_free.o(.text) for free
    h1_extend_mt.o(.text) refers to h1_free_mt.o(.text) for _free_internal
    defsig_rtmem_outer.o(.text) refers to defsig_rtmem_inner.o(.text) for __rt_SIGRTMEM_inner
    defsig_rtmem_outer.o(.text) refers to defsig_exit.o(.text) for __sig_exit
    defsig_rtmem_formal.o(.text) refers to rt_raise.o(.text) for __rt_raise
    heapauxa.o(.text) refers to heapauxa.o(.data) for .data
    argv_veneer.o(.emb_text) refers to no_argv.o(.text) for __ARM_get_argv
    sys_stackheap_outer.o(.text) refers to libspace.o(.text) for __user_perproc_libspace
    sys_stackheap_outer.o(.text) refers to standalone.o(.text) for __user_initial_stackheap
    rt_raise.o(.text) refers to __raise.o(.text) for __raise
    rt_raise.o(.text) refers to standalone.o(.text) for _sys_exit
    term_alloc.o(.text) refers (Special) to libshutdown2.o(.ARM.Collect$$libshutdown$$00000010) for __rt_lib_shutdown_heap_2
    term_alloc.o(.text) refers to rt_heap_descriptor_intlibspace.o(.text) for __rt_heap_descriptor
    exit.o(.text) refers to rtexit.o(.ARM.Collect$$rtexit$$00000000) for __rt_exit
    defsig_exit.o(.text) refers to standalone.o(.text) for _sys_exit
    defsig_fpe_outer.o(.text) refers to defsig_fpe_inner.o(.text) for __rt_SIGFPE_inner
    defsig_fpe_outer.o(.text) refers to defsig_exit.o(.text) for __sig_exit
    defsig_fpe_formal.o(.text) refers to rt_raise.o(.text) for __rt_raise
    defsig_rtmem_inner.o(.text) refers to defsig_general.o(.text) for __default_signal_display
    _get_argv_nomalloc.o(.text) refers (Special) to hrguard.o(.text) for __heap_region$guard
    _get_argv_nomalloc.o(.text) refers to defsig_rtmem_outer.o(.text) for __rt_SIGRTMEM
    _get_argv_nomalloc.o(.text) refers to sys_command.o(.text) for _sys_command_string
    libinit.o(.ARM.Collect$$libinit$$00000000) refers (Special) to libinit2.o(.ARM.Collect$$libinit$$0000002E) for __rt_lib_init_alloca_1
    libinit.o(.ARM.Collect$$libinit$$00000000) refers (Special) to libinit2.o(.ARM.Collect$$libinit$$0000002C) for __rt_lib_init_argv_1
    libinit.o(.ARM.Collect$$libinit$$00000000) refers (Special) to libinit2.o(.ARM.Collect$$libinit$$0000001B) for __rt_lib_init_atexit_1
    libinit.o(.ARM.Collect$$libinit$$00000000) refers (Special) to libinit2.o(.ARM.Collect$$libinit$$00000021) for __rt_lib_init_clock_1
    libinit.o(.ARM.Collect$$libinit$$00000000) refers (Special) to libinit2.o(.ARM.Collect$$libinit$$00000032) for __rt_lib_init_cpp_1
    libinit.o(.ARM.Collect$$libinit$$00000000) refers (Special) to libinit2.o(.ARM.Collect$$libinit$$00000030) for __rt_lib_init_exceptions_1
    libinit.o(.ARM.Collect$$libinit$$00000000) refers (Special) to libinit2.o(.ARM.Collect$$libinit$$00000002) for __rt_lib_init_fp_1
    libinit.o(.ARM.Collect$$libinit$$00000000) refers (Special) to libinit2.o(.ARM.Collect$$libinit$$0000001F) for __rt_lib_init_fp_trap_1
    libinit.o(.ARM.Collect$$libinit$$00000000) refers (Special) to libinit2.o(.ARM.Collect$$libinit$$00000023) for __rt_lib_init_getenv_1
    libinit.o(.ARM.Collect$$libinit$$00000000) refers (Special) to libinit2.o(.ARM.Collect$$libinit$$0000000A) for __rt_lib_init_heap_1
    libinit.o(.ARM.Collect$$libinit$$00000000) refers (Special) to libinit2.o(.ARM.Collect$$libinit$$00000011) for __rt_lib_init_lc_collate_1
    libinit.o(.ARM.Collect$$libinit$$00000000) refers (Special) to libinit2.o(.ARM.Collect$$libinit$$00000013) for __rt_lib_init_lc_ctype_1
    libinit.o(.ARM.Collect$$libinit$$00000000) refers (Special) to libinit2.o(.ARM.Collect$$libinit$$00000015) for __rt_lib_init_lc_monetary_1
    libinit.o(.ARM.Collect$$libinit$$00000000) refers (Special) to libinit2.o(.ARM.Collect$$libinit$$00000017) for __rt_lib_init_lc_numeric_1
    libinit.o(.ARM.Collect$$libinit$$00000000) refers (Special) to libinit2.o(.ARM.Collect$$libinit$$00000019) for __rt_lib_init_lc_time_1
    libinit.o(.ARM.Collect$$libinit$$00000000) refers (Special) to libinit2.o(.ARM.Collect$$libinit$$00000004) for __rt_lib_init_preinit_1
    libinit.o(.ARM.Collect$$libinit$$00000000) refers (Special) to libinit2.o(.ARM.Collect$$libinit$$0000000E) for __rt_lib_init_rand_1
    libinit.o(.ARM.Collect$$libinit$$00000000) refers (Special) to libinit2.o(.ARM.Collect$$libinit$$00000033) for __rt_lib_init_return
    libinit.o(.ARM.Collect$$libinit$$00000000) refers (Special) to libinit2.o(.ARM.Collect$$libinit$$0000001D) for __rt_lib_init_signal_1
    libinit.o(.ARM.Collect$$libinit$$00000000) refers (Special) to libinit2.o(.ARM.Collect$$libinit$$00000025) for __rt_lib_init_stdio_1
    libinit.o(.ARM.Collect$$libinit$$00000000) refers (Special) to libinit2.o(.ARM.Collect$$libinit$$0000000C) for __rt_lib_init_user_alloc_1
    rtexit.o(.ARM.Collect$$rtexit$$00000000) refers (Special) to rtexit2.o(.ARM.Collect$$rtexit$$00000004) for __rt_exit_exit
    rtexit.o(.ARM.Collect$$rtexit$$00000000) refers (Special) to rtexit2.o(.ARM.Collect$$rtexit$$00000003) for __rt_exit_ls
    rtexit.o(.ARM.Collect$$rtexit$$00000000) refers (Special) to rtexit2.o(.ARM.Collect$$rtexit$$00000002) for __rt_exit_prels_1
    rtexit.o(.ARM.exidx) refers (Special) to rtexit2.o(.ARM.Collect$$rtexit$$00000004) for __rt_exit_exit
    rtexit.o(.ARM.exidx) refers (Special) to rtexit2.o(.ARM.Collect$$rtexit$$00000003) for __rt_exit_ls
    rtexit.o(.ARM.exidx) refers (Special) to rtexit2.o(.ARM.Collect$$rtexit$$00000002) for __rt_exit_prels_1
    rtexit.o(.ARM.exidx) refers to rtexit.o(.ARM.Collect$$rtexit$$00000000) for .ARM.Collect$$rtexit$$00000000
    __raise.o(.text) refers to defsig.o(CL$$defsig) for __default_signal_handler
    defsig_general.o(.text) refers to standalone.o(.text) for _ttywrch
    defsig_fpe_inner.o(.text) refers to defsig_general.o(.text) for __default_signal_display
    libshutdown2.o(.ARM.Collect$$libshutdown$$0000000F) refers (Weak) to term_alloc.o(.text) for _terminate_alloc
    rtexit2.o(.ARM.Collect$$rtexit$$00000003) refers to libshutdown.o(.ARM.Collect$$libshutdown$$00000000) for __rt_lib_shutdown
    rtexit2.o(.ARM.Collect$$rtexit$$00000004) refers to standalone.o(.text) for _sys_exit
    rtexit2.o(.ARM.exidx) refers to rtexit2.o(.ARM.Collect$$rtexit$$00000001) for .ARM.Collect$$rtexit$$00000001
    rtexit2.o(.ARM.exidx) refers to rtexit2.o(.ARM.Collect$$rtexit$$00000003) for .ARM.Collect$$rtexit$$00000003
    rtexit2.o(.ARM.exidx) refers to rtexit2.o(.ARM.Collect$$rtexit$$00000004) for .ARM.Collect$$rtexit$$00000004
    defsig.o(CL$$defsig) refers to defsig_fpe_inner.o(.text) for __rt_SIGFPE_inner
    defsig.o(CL$$defsig) refers to defsig_rtmem_inner.o(.text) for __rt_SIGRTMEM_inner
    defsig_abrt_inner.o(.text) refers to defsig_general.o(.text) for __default_signal_display
    defsig_rtred_inner.o(.text) refers to defsig_general.o(.text) for __default_signal_display
    defsig_stak_inner.o(.text) refers to defsig_general.o(.text) for __default_signal_display
    defsig_pvfn_inner.o(.text) refers to defsig_general.o(.text) for __default_signal_display
    defsig_cppl_inner.o(.text) refers to defsig_general.o(.text) for __default_signal_display
    defsig_segv_inner.o(.text) refers to defsig_general.o(.text) for __default_signal_display
    defsig_other.o(.text) refers to defsig_general.o(.text) for __default_signal_display
    libshutdown.o(.ARM.Collect$$libshutdown$$00000000) refers (Special) to libshutdown2.o(.ARM.Collect$$libshutdown$$00000004) for __rt_lib_shutdown_cpp_1
    libshutdown.o(.ARM.Collect$$libshutdown$$00000000) refers (Special) to libshutdown2.o(.ARM.Collect$$libshutdown$$00000002) for __rt_lib_shutdown_fini_1
    libshutdown.o(.ARM.Collect$$libshutdown$$00000000) refers (Special) to libshutdown2.o(.ARM.Collect$$libshutdown$$00000009) for __rt_lib_shutdown_fp_trap_1
    libshutdown.o(.ARM.Collect$$libshutdown$$00000000) refers (Special) to libshutdown2.o(.ARM.Collect$$libshutdown$$00000011) for __rt_lib_shutdown_heap_1
    libshutdown.o(.ARM.Collect$$libshutdown$$00000000) refers (Special) to libshutdown2.o(.ARM.Collect$$libshutdown$$00000012) for __rt_lib_shutdown_return
    libshutdown.o(.ARM.Collect$$libshutdown$$00000000) refers (Special) to libshutdown2.o(.ARM.Collect$$libshutdown$$0000000C) for __rt_lib_shutdown_signal_1
    libshutdown.o(.ARM.Collect$$libshutdown$$00000000) refers (Special) to libshutdown2.o(.ARM.Collect$$libshutdown$$00000006) for __rt_lib_shutdown_stdio_1
    libshutdown.o(.ARM.Collect$$libshutdown$$00000000) refers (Special) to libshutdown2.o(.ARM.Collect$$libshutdown$$0000000E) for __rt_lib_shutdown_user_alloc_1


==============================================================================

Removing Unused input sections from the image.

    Removing main.o(.data), (768000 bytes).
    Removing wb_power.o(.text), (1024 bytes).

2 unused section(s) (total 769024 bytes) removed from the image.

==============================================================================

Image Symbol Table

    Local Symbols

    Symbol Name                              Value     Ov Type        Size  Object(Section)

    WB_INIT                                  0x00000000   Section      172  wb_init.o(WB_INIT)
    ../clib/angel/boardlib.s                 0x00000000   Number         0  boardinit3.o ABSOLUTE
    ../clib/angel/boardlib.s                 0x00000000   Number         0  boardinit2.o ABSOLUTE
    ../clib/angel/boardlib.s                 0x00000000   Number         0  boardinit1.o ABSOLUTE
    ../clib/angel/boardlib.s                 0x00000000   Number         0  boardshut.o ABSOLUTE
    ../clib/angel/dczerorl2.s                0x00000000   Number         0  __dczerorl2.o ABSOLUTE
    ../clib/angel/handlers.s                 0x00000000   Number         0  __scatter_zi.o ABSOLUTE
    ../clib/angel/handlers.s                 0x00000000   Number         0  __scatter_copy.o ABSOLUTE
    ../clib/angel/kernel.s                   0x00000000   Number         0  rtexit2.o ABSOLUTE
    ../clib/angel/kernel.s                   0x00000000   Number         0  __rtentry2.o ABSOLUTE
    ../clib/angel/kernel.s                   0x00000000   Number         0  __rtentry4.o ABSOLUTE
    ../clib/angel/kernel.s                   0x00000000   Number         0  __rtentry.o ABSOLUTE
    ../clib/angel/kernel.s                   0x00000000   Number         0  rtexit.o ABSOLUTE
    ../clib/angel/rt.s                       0x00000000   Number         0  rt_raise.o ABSOLUTE
    ../clib/angel/rt.s                       0x00000000   Number         0  rt_div0.o ABSOLUTE
    ../clib/angel/rt.s                       0x00000000   Number         0  rt_heap_descriptor.o ABSOLUTE
    ../clib/angel/rt.s                       0x00000000   Number         0  aeabi_idiv0.o ABSOLUTE
    ../clib/angel/rt.s                       0x00000000   Number         0  rt_heap_descriptor_intlibspace.o ABSOLUTE
    ../clib/angel/rt.s                       0x00000000   Number         0  aeabi_idiv0_sigfpe.o ABSOLUTE
    ../clib/angel/scatter.s                  0x00000000   Number         0  __scatter.o ABSOLUTE
    ../clib/angel/startup.s                  0x00000000   Number         0  __main.o ABSOLUTE
    ../clib/angel/sys.s                      0x00000000   Number         0  libspace.o ABSOLUTE
    ../clib/angel/sys.s                      0x00000000   Number         0  indicate_semi.o ABSOLUTE
    ../clib/angel/sys.s                      0x00000000   Number         0  sys_stackheap_outer.o ABSOLUTE
    ../clib/angel/sys.s                      0x00000000   Number         0  mutex_dummy.o ABSOLUTE
    ../clib/angel/sys.s                      0x00000000   Number         0  use_no_semi.o ABSOLUTE
    ../clib/angel/sysapp.c                   0x00000000   Number         0  sys_command.o ABSOLUTE
    ../clib/armsys.c                         0x00000000   Number         0  _get_argv.o ABSOLUTE
    ../clib/armsys.c                         0x00000000   Number         0  no_argv.o ABSOLUTE
    ../clib/armsys.c                         0x00000000   Number         0  _get_argv_nomalloc.o ABSOLUTE
    ../clib/armsys.c                         0x00000000   Number         0  argv_veneer.o ABSOLUTE
    ../clib/armsys.c                         0x00000000   Number         0  argv_veneer.o ABSOLUTE
    ../clib/division.s                       0x00000000   Number         0  aeabi_sdiv.o ABSOLUTE
    ../clib/division.s                       0x00000000   Number         0  aeabi_sdiv_div0.o ABSOLUTE
    ../clib/divrt.s                          0x00000000   Number         0  divrt_9e_div0.o ABSOLUTE
    ../clib/divrt.s                          0x00000000   Number         0  divrt_9e.o ABSOLUTE
    ../clib/heap1.c                          0x00000000   Number         0  h1_init_mt.o ABSOLUTE
    ../clib/heap1.c                          0x00000000   Number         0  h1_final_mt.o ABSOLUTE
    ../clib/heap1.c                          0x00000000   Number         0  h1_alloc_mt.o ABSOLUTE
    ../clib/heap1.c                          0x00000000   Number         0  h1_free.o ABSOLUTE
    ../clib/heap1.c                          0x00000000   Number         0  h1_free_mt.o ABSOLUTE
    ../clib/heap1.c                          0x00000000   Number         0  h1_alloc.o ABSOLUTE
    ../clib/heap1.c                          0x00000000   Number         0  h1_init.o ABSOLUTE
    ../clib/heap1.c                          0x00000000   Number         0  h1_final.o ABSOLUTE
    ../clib/heap1.c                          0x00000000   Number         0  h1_extend_mt.o ABSOLUTE
    ../clib/heap1.c                          0x00000000   Number         0  h1_extend.o ABSOLUTE
    ../clib/heap2.c                          0x00000000   Number         0  heap2.o ABSOLUTE
    ../clib/heap2.c                          0x00000000   Number         0  fdtree.o ABSOLUTE
    ../clib/heap2.c                          0x00000000   Number         0  heap2mt.o ABSOLUTE
    ../clib/heapalloc.c                      0x00000000   Number         0  maybetermalloc1.o ABSOLUTE
    ../clib/heapalloc.c                      0x00000000   Number         0  maybetermalloc1.o ABSOLUTE
    ../clib/heapalloc.c                      0x00000000   Number         0  hguard.o ABSOLUTE
    ../clib/heapalloc.c                      0x00000000   Number         0  term_alloc.o ABSOLUTE
    ../clib/heapalloc.c                      0x00000000   Number         0  init_alloc.o ABSOLUTE
    ../clib/heapalloc.c                      0x00000000   Number         0  heapstubs.o ABSOLUTE
    ../clib/heapalloc.c                      0x00000000   Number         0  free.o ABSOLUTE
    ../clib/heapalloc.c                      0x00000000   Number         0  malloc.o ABSOLUTE
    ../clib/heapalloc.c                      0x00000000   Number         0  maybetermalloc2.o ABSOLUTE
    ../clib/heapalloc.c                      0x00000000   Number         0  maybetermalloc2.o ABSOLUTE
    ../clib/heapalloc.c                      0x00000000   Number         0  hrguard.o ABSOLUTE
    ../clib/heapaux.c                        0x00000000   Number         0  heapauxa.o ABSOLUTE
    ../clib/heapaux.c                        0x00000000   Number         0  heapauxi.o ABSOLUTE
    ../clib/libinit.s                        0x00000000   Number         0  libshutdown2.o ABSOLUTE
    ../clib/libinit.s                        0x00000000   Number         0  libshutdown.o ABSOLUTE
    ../clib/libinit.s                        0x00000000   Number         0  libinit2.o ABSOLUTE
    ../clib/libinit.s                        0x00000000   Number         0  libinit.o ABSOLUTE
    ../clib/memcpset.s                       0x00000000   Number         0  rt_memcpy_w.o ABSOLUTE
    ../clib/memcpset.s                       0x00000000   Number         0  rt_memcpy.o ABSOLUTE
    ../clib/signal.c                         0x00000000   Number         0  defsig_pvfn_inner.o ABSOLUTE
    ../clib/signal.c                         0x00000000   Number         0  defsig_cppl_inner.o ABSOLUTE
    ../clib/signal.c                         0x00000000   Number         0  defsig_segv_inner.o ABSOLUTE
    ../clib/signal.c                         0x00000000   Number         0  defsig_fpe_inner.o ABSOLUTE
    ../clib/signal.c                         0x00000000   Number         0  defsig_general.o ABSOLUTE
    ../clib/signal.c                         0x00000000   Number         0  __raise.o ABSOLUTE
    ../clib/signal.c                         0x00000000   Number         0  defsig_rtmem_inner.o ABSOLUTE
    ../clib/signal.c                         0x00000000   Number         0  defsig_fpe_formal.o ABSOLUTE
    ../clib/signal.c                         0x00000000   Number         0  defsig_fpe_outer.o ABSOLUTE
    ../clib/signal.c                         0x00000000   Number         0  defsig_exit.o ABSOLUTE
    ../clib/signal.c                         0x00000000   Number         0  defsig_rtmem_formal.o ABSOLUTE
    ../clib/signal.c                         0x00000000   Number         0  defsig_rtmem_outer.o ABSOLUTE
    ../clib/signal.c                         0x00000000   Number         0  defsig_other.o ABSOLUTE
    ../clib/signal.c                         0x00000000   Number         0  defsig_abrt_inner.o ABSOLUTE
    ../clib/signal.c                         0x00000000   Number         0  defsig_rtred_inner.o ABSOLUTE
    ../clib/signal.c                         0x00000000   Number         0  defsig_stak_inner.o ABSOLUTE
    ../clib/signal.s                         0x00000000   Number         0  defsig.o ABSOLUTE
    ../clib/stdlib.c                         0x00000000   Number         0  exit.o ABSOLUTE
    ../clib/string.c                         0x00000000   Number         0  strlen.o ABSOLUTE
    ../fplib/fpinit.s                        0x00000000   Number         0  fpinit.o ABSOLUTE
    ..\..\Driver\Source\EDMA\DrvEDMA.c       0x00000000   Number         0  drvedma.o ABSOLUTE
    ..\..\Driver\Source\EDMA\N9H26_edma.c    0x00000000   Number         0  n9h26_edma.o ABSOLUTE
    ..\..\Driver\Source\SPI\spi.c            0x00000000   Number         0  spi.o ABSOLUTE
    ..\Smpl_Pdma_SPI.c                       0x00000000   Number         0  smpl_pdma_spi.o ABSOLUTE
    ..\\wb_cache.c                           0x00000000   Number         0  wb_cache.o ABSOLUTE
    ..\\wb_mmu.c                             0x00000000   Number         0  wb_mmu.o ABSOLUTE
    ..\main.c                                0x00000000   Number         0  main.o ABSOLUTE
    ..\spiflash_freertos.c                   0x00000000   Number         0  spiflash_freertos.o ABSOLUTE
    ..\standalone.c                          0x00000000   Number         0  standalone.o ABSOLUTE
    ..\wb_aic.c                              0x00000000   Number         0  wb_aic.o ABSOLUTE
    ..\wb_cache.c                            0x00000000   Number         0  wb_cache.o ABSOLUTE
    ..\wb_config.c                           0x00000000   Number         0  wb_config.o ABSOLUTE
    ..\wb_init.s                             0x00000000   Number         0  wb_init.o ABSOLUTE
    ..\wb_mmu.c                              0x00000000   Number         0  wb_mmu.o ABSOLUTE
    ..\wb_power.c                            0x00000000   Number         0  wb_power.o ABSOLUTE
    ..\wb_timer.c                            0x00000000   Number         0  wb_timer.o ABSOLUTE
    ..\wb_uart.c                             0x00000000   Number         0  wb_uart.o ABSOLUTE
    dc.s                                     0x00000000   Number         0  dc.o ABSOLUTE
    Undefined_Handler                        0x00000040   ARM Code       0  wb_init.o(WB_INIT)
    SWI_Handler1                             0x00000044   ARM Code       0  wb_init.o(WB_INIT)
    Prefetch_Handler                         0x00000048   ARM Code       0  wb_init.o(WB_INIT)
    Abort_Handler                            0x0000004c   ARM Code       0  wb_init.o(WB_INIT)
    IRQ_Handler                              0x00000050   ARM Code       0  wb_init.o(WB_INIT)
    FIQ_Handler                              0x00000054   ARM Code       0  wb_init.o(WB_INIT)
    !!!main                                  0x000000ac   Section        8  __main.o(!!!main)
    !!!scatter                               0x000000b4   Section       60  __scatter.o(!!!scatter)
    !!dczerorl2                              0x000000f0   Section       92  __dczerorl2.o(!!dczerorl2)
    _decompress_loop                         0x000000fb   Thumb Code     0  __dczerorl2.o(!!dczerorl2)
    _decompress_zerolen                      0x00000109   Thumb Code     0  __dczerorl2.o(!!dczerorl2)
    _decompress_litn                         0x00000111   Thumb Code     0  __dczerorl2.o(!!dczerorl2)
    _decompress_lit                          0x00000115   Thumb Code     0  __dczerorl2.o(!!dczerorl2)
    _decompress_copyorzero                   0x00000121   Thumb Code     0  __dczerorl2.o(!!dczerorl2)
    _decompress_zero                         0x00000129   Thumb Code     0  __dczerorl2.o(!!dczerorl2)
    _decompress_copyn                        0x00000133   Thumb Code     0  __dczerorl2.o(!!dczerorl2)
    _decompress_copy                         0x0000013b   Thumb Code     0  __dczerorl2.o(!!dczerorl2)
    _decompress_end                          0x00000147   Thumb Code     0  __dczerorl2.o(!!dczerorl2)
    !!handler_copy                           0x0000014c   Section       40  __scatter_copy.o(!!handler_copy)
    !!handler_zi                             0x00000174   Section       44  __scatter_zi.o(!!handler_zi)
    .ARM.Collect$$libinit$$00000000          0x000001a0   Section        2  libinit.o(.ARM.Collect$$libinit$$00000000)
    .ARM.Collect$$libinit$$00000002          0x000001a2   Section        0  libinit2.o(.ARM.Collect$$libinit$$00000002)
    .ARM.Collect$$libinit$$00000004          0x000001a2   Section        0  libinit2.o(.ARM.Collect$$libinit$$00000004)
    .ARM.Collect$$libinit$$00000005          0x000001a2   Section        8  libinit2.o(.ARM.Collect$$libinit$$00000005)
    .ARM.Collect$$libinit$$0000000A          0x000001aa   Section        0  libinit2.o(.ARM.Collect$$libinit$$0000000A)
    .ARM.Collect$$libinit$$0000000C          0x000001aa   Section        0  libinit2.o(.ARM.Collect$$libinit$$0000000C)
    .ARM.Collect$$libinit$$0000000E          0x000001aa   Section        0  libinit2.o(.ARM.Collect$$libinit$$0000000E)
    .ARM.Collect$$libinit$$00000011          0x000001aa   Section        0  libinit2.o(.ARM.Collect$$libinit$$00000011)
    .ARM.Collect$$libinit$$00000013          0x000001aa   Section        0  libinit2.o(.ARM.Collect$$libinit$$00000013)
    .ARM.Collect$$libinit$$00000015          0x000001aa   Section        0  libinit2.o(.ARM.Collect$$libinit$$00000015)
    .ARM.Collect$$libinit$$00000017          0x000001aa   Section        0  libinit2.o(.ARM.Collect$$libinit$$00000017)
    .ARM.Collect$$libinit$$00000019          0x000001aa   Section        0  libinit2.o(.ARM.Collect$$libinit$$00000019)
    .ARM.Collect$$libinit$$0000001B          0x000001aa   Section        0  libinit2.o(.ARM.Collect$$libinit$$0000001B)
    .ARM.Collect$$libinit$$0000001D          0x000001aa   Section        0  libinit2.o(.ARM.Collect$$libinit$$0000001D)
    .ARM.Collect$$libinit$$0000001F          0x000001aa   Section        0  libinit2.o(.ARM.Collect$$libinit$$0000001F)
    .ARM.Collect$$libinit$$00000021          0x000001aa   Section        0  libinit2.o(.ARM.Collect$$libinit$$00000021)
    .ARM.Collect$$libinit$$00000023          0x000001aa   Section        0  libinit2.o(.ARM.Collect$$libinit$$00000023)
    .ARM.Collect$$libinit$$00000025          0x000001aa   Section        0  libinit2.o(.ARM.Collect$$libinit$$00000025)
    .ARM.Collect$$libinit$$0000002C          0x000001aa   Section        0  libinit2.o(.ARM.Collect$$libinit$$0000002C)
    .ARM.Collect$$libinit$$0000002E          0x000001aa   Section        0  libinit2.o(.ARM.Collect$$libinit$$0000002E)
    .ARM.Collect$$libinit$$00000030          0x000001aa   Section        0  libinit2.o(.ARM.Collect$$libinit$$00000030)
    .ARM.Collect$$libinit$$00000032          0x000001aa   Section        0  libinit2.o(.ARM.Collect$$libinit$$00000032)
    .ARM.Collect$$libinit$$00000033          0x000001aa   Section        2  libinit2.o(.ARM.Collect$$libinit$$00000033)
    .ARM.Collect$$libshutdown$$00000000      0x000001ac   Section        2  libshutdown.o(.ARM.Collect$$libshutdown$$00000000)
    .ARM.Collect$$libshutdown$$00000002      0x000001ae   Section        0  libshutdown2.o(.ARM.Collect$$libshutdown$$00000002)
    .ARM.Collect$$libshutdown$$00000004      0x000001ae   Section        0  libshutdown2.o(.ARM.Collect$$libshutdown$$00000004)
    .ARM.Collect$$libshutdown$$00000006      0x000001ae   Section        0  libshutdown2.o(.ARM.Collect$$libshutdown$$00000006)
    .ARM.Collect$$libshutdown$$00000009      0x000001ae   Section        0  libshutdown2.o(.ARM.Collect$$libshutdown$$00000009)
    .ARM.Collect$$libshutdown$$0000000C      0x000001ae   Section        0  libshutdown2.o(.ARM.Collect$$libshutdown$$0000000C)
    .ARM.Collect$$libshutdown$$0000000E      0x000001ae   Section        0  libshutdown2.o(.ARM.Collect$$libshutdown$$0000000E)
    .ARM.Collect$$libshutdown$$00000011      0x000001ae   Section        0  libshutdown2.o(.ARM.Collect$$libshutdown$$00000011)
    .ARM.Collect$$libshutdown$$00000012      0x000001ae   Section        2  libshutdown2.o(.ARM.Collect$$libshutdown$$00000012)
    .ARM.Collect$$rtentry$$00000000          0x000001b0   Section        0  __rtentry.o(.ARM.Collect$$rtentry$$00000000)
    .ARM.Collect$$rtentry$$00000002          0x000001b0   Section        0  __rtentry2.o(.ARM.Collect$$rtentry$$00000002)
    .ARM.Collect$$rtentry$$00000004          0x000001b0   Section        8  __rtentry4.o(.ARM.Collect$$rtentry$$00000004)
    .ARM.Collect$$rtentry$$00000009          0x000001b8   Section        0  __rtentry2.o(.ARM.Collect$$rtentry$$00000009)
    .ARM.Collect$$rtentry$$0000000A          0x000001b8   Section        4  __rtentry2.o(.ARM.Collect$$rtentry$$0000000A)
    .ARM.Collect$$rtentry$$0000000C          0x000001bc   Section        0  __rtentry2.o(.ARM.Collect$$rtentry$$0000000C)
    .ARM.Collect$$rtentry$$0000000D          0x000001bc   Section       40  __rtentry2.o(.ARM.Collect$$rtentry$$0000000D)
    .ARM.Collect$$rtexit$$00000000           0x000001e4   Section        4  rtexit.o(.ARM.Collect$$rtexit$$00000000)
    .ARM.Collect$$rtexit$$00000002           0x000001e8   Section        0  rtexit2.o(.ARM.Collect$$rtexit$$00000002)
    .ARM.Collect$$rtexit$$00000003           0x000001e8   Section        4  rtexit2.o(.ARM.Collect$$rtexit$$00000003)
    .ARM.Collect$$rtexit$$00000004           0x000001ec   Section        8  rtexit2.o(.ARM.Collect$$rtexit$$00000004)
    .emb_text                                0x000001f4   Section       12  wb_cache.o(.emb_text)
    .emb_text                                0x00000200   Section       36  wb_mmu.o(.emb_text)
    .emb_text                                0x00000224   Section        0  maybetermalloc1.o(.emb_text)
    .text                                    0x00000224   Section        0  main.o(.text)
    .text                                    0x0000052c   Section        0  smpl_pdma_spi.o(.text)
    .text                                    0x00001240   Section        0  standalone.o(.text)
    .text                                    0x00001280   Section        0  spi.o(.text)
    .text                                    0x000026e0   Section        0  n9h26_edma.o(.text)
    .text                                    0x00002f50   Section        0  drvedma.o(.text)
    .text                                    0x00005298   Section        0  spiflash_freertos.o(.text)
    .text                                    0x00006d84   Section        0  wb_aic.o(.text)
    .text                                    0x00007574   Section        0  wb_cache.o(.text)
    .text                                    0x00007924   Section        0  wb_config.o(.text)
    .text                                    0x000095ec   Section        0  wb_timer.o(.text)
    .text                                    0x0000ac94   Section        0  wb_uart.o(.text)
    sysSetBaudRate                           0x0000b074   ARM Code      56  wb_uart.o(.text)
    sysPutRepChar                            0x0000b530   ARM Code      40  wb_uart.o(.text)
    sysPutStringReverse                      0x0000b558   ARM Code      40  wb_uart.o(.text)
    sysPutNumber                             0x0000b580   ARM Code     444  wb_uart.o(.text)
    FormatItem                               0x0000b73c   ARM Code     540  wb_uart.o(.text)
    .text                                    0x0000bbe8   Section        0  wb_mmu.o(.text)
    .text                                    0x0000bca8   Section        0  h1_alloc.o(.text)
    .text                                    0x0000bd0a   Section        0  h1_free.o(.text)
    .text                                    0x0000bd58   Section        0  strlen.o(.text)
    .text                                    0x0000bd9c   Section      212  rt_memcpy.o(.text)
    .text                                    0x0000be70   Section      380  aeabi_sdiv.o(.text)
    __arm_div8                               0x0000be9c   ARM Code       0  aeabi_sdiv.o(.text)
    __arm_div5                               0x0000bec0   ARM Code       0  aeabi_sdiv.o(.text)
    __arm_div2                               0x0000bee4   ARM Code       0  aeabi_sdiv.o(.text)
    __arm_div_large                          0x0000bf20   ARM Code       0  aeabi_sdiv.o(.text)
    .text                                    0x0000bfec   Section       12  rt_heap_descriptor_intlibspace.o(.text)
    .text                                    0x0000bff8   Section        0  hguard.o(.text)
    .text                                    0x0000bffc   Section        0  init_alloc.o(.text)
    .text                                    0x0000c084   Section        0  h1_init.o(.text)
    .text                                    0x0000c094   Section      100  rt_memcpy_w.o(.text)
    .text                                    0x0000c0f8   Section       12  libspace.o(.text)
    .text                                    0x0000c104   Section        0  h1_extend.o(.text)
    .text                                    0x0000c138   Section        0  defsig_rtmem_outer.o(.text)
    .text                                    0x0000c144   Section        0  heapauxa.o(.text)
    .text                                    0x0000c194   Section       96  sys_stackheap_outer.o(.text)
    .text                                    0x0000c1f4   Section        0  exit.o(.text)
    .text                                    0x0000c204   Section        0  defsig_exit.o(.text)
    .text                                    0x0000c210   Section        0  defsig_rtmem_inner.o(.text)
    .text                                    0x0000c260   Section        0  defsig_general.o(.text)
    .text_udiv                               0x0000c294   Section       36  aeabi_sdiv.o(.text_udiv)
    .constdata                               0x0000c2b8   Section       32  wb_config.o(.constdata)
    .conststring                             0x0000c2d8   Section       68  main.o(.conststring)
    .data                                    0x0000c34c   Section        5  smpl_pdma_spi.o(.data)
    g_PdmaCh                                 0x0000c34c   Data           4  smpl_pdma_spi.o(.data)
    g_bPdmaInt                               0x0000c350   Data           1  smpl_pdma_spi.o(.data)
    .data                                    0x0000c354   Section       10  spi.o(.data)
    g_pfnSPI0callback                        0x0000c354   Data           4  spi.o(.data)
    g_pfnSPI1callback                        0x0000c358   Data           4  spi.o(.data)
    _spi_init_flag0                          0x0000c35c   Data           1  spi.o(.data)
    _spi_init_flag1                          0x0000c35d   Data           1  spi.o(.data)
    .data                                    0x0000c35e   Section        1  n9h26_edma.o(.data)
    bIsEDMAInit                              0x0000c35e   Data           1  n9h26_edma.o(.data)
    .data                                    0x0000c35f   Section        2  spiflash_freertos.o(.data)
    bIsSpiFlashOK                            0x0000c35f   Data           1  spiflash_freertos.o(.data)
    .data                                    0x0000c364   Section      388  wb_aic.o(.data)
    .data                                    0x0000c4e8   Section        8  wb_cache.o(.data)
    .data                                    0x0000c4f0   Section       40  wb_config.o(.data)
    g_u32UpllHz                              0x0000c4f0   Data           4  wb_config.o(.data)
    g_u32ApllHz                              0x0000c4f4   Data           4  wb_config.o(.data)
    g_u32MpllHz                              0x0000c4f8   Data           4  wb_config.o(.data)
    g_u32ExtClk                              0x0000c4fc   Data           4  wb_config.o(.data)
    g_i32REG_APLL                            0x0000c50c   Data           4  wb_config.o(.data)
    g_i32REG_UPLL                            0x0000c510   Data           4  wb_config.o(.data)
    g_i32REG_MPLL                            0x0000c514   Data           4  wb_config.o(.data)
    .data                                    0x0000c518   Section      152  wb_timer.o(.data)
    month_seconds                            0x0000c55c   Data          48  wb_timer.o(.data)
    .data                                    0x0000c5b0   Section       36  wb_uart.o(.data)
    bIsResetFIFO                             0x0000c5c4   Data           1  wb_uart.o(.data)
    .data                                    0x0000c5d4   Section        1  wb_mmu.o(.data)
    _IsInitMMUTable                          0x0000c5d4   Data           1  wb_mmu.o(.data)
    .data                                    0x0000c5d8   Section        4  heapauxa.o(.data)
    __rt_heap_escrow_base                    0x0000c5d8   Data           4  heapauxa.o(.data)
    .bss                                     0x0000c5dc   Section       32  main.o(.bss)
    .bss                                     0x0000d000   Section     4112  smpl_pdma_spi.o(.bss)
    .bss                                     0x0000e010   Section      416  n9h26_edma.o(.bss)
    edma_channels_info                       0x0000e010   Data         312  n9h26_edma.o(.bss)
    edma_set_dir                             0x0000e148   Data         104  n9h26_edma.o(.bss)
    .bss                                     0x0000e1b0   Section      208  drvedma.o(.bss)
    g_pfnEDMACallback                        0x0000e1b0   Data         208  drvedma.o(.bss)
    .bss                                     0x0000e280   Section      640  wb_timer.o(.bss)
    .bss                                     0x0000e500   Section      372  wb_uart.o(.bss)
    .bss                                     0x00010000   Section    16384  wb_mmu.o(.bss)
    .bss                                     0x00014000   Section     8192  wb_power.o(.bss)
    .bss                                     0x00016000   Section       96  libspace.o(.bss)

    Global Symbols

    Symbol Name                              Value     Ov Type        Size  Object(Section)

    BuildAttributes$$THM_ISAv2$ARM_ISAv5$E$P$J$S$PE$A:L22$X:L11$S22$IEEE1$IW$USESV6$~STKCKD$USESV7$~SHL$OTIME$ROPI$EBA8$UX$STANDARDLIB$REQ8$EABIv2 0x00000000   Number         0  anon$$obj.o ABSOLUTE
    Vector_Table                             0x00000000   ARM Code       0  wb_init.o(WB_INIT)
    __ARM_use_no_argv                        0x00000000   Number         0  main.o ABSOLUTE
    __ARM_exceptions_init                     - Undefined Weak Reference
    __alloca_initialize                       - Undefined Weak Reference
    __arm_fini_                               - Undefined Weak Reference
    __arm_preinit_                            - Undefined Weak Reference
    __cpp_initialize__aeabi_                  - Undefined Weak Reference
    __cxa_finalize                            - Undefined Weak Reference
    __rt_locale                               - Undefined Weak Reference
    __sigvec_lookup                           - Undefined Weak Reference
    __user_heap_extent                        - Undefined Weak Reference
    _atexit_init                              - Undefined Weak Reference
    _call_atexit_fns                          - Undefined Weak Reference
    _clock_init                               - Undefined Weak Reference
    _fp_trap_init                             - Undefined Weak Reference
    _fp_trap_shutdown                         - Undefined Weak Reference
    _get_lc_collate                           - Undefined Weak Reference
    _get_lc_ctype                             - Undefined Weak Reference
    _get_lc_monetary                          - Undefined Weak Reference
    _get_lc_numeric                           - Undefined Weak Reference
    _get_lc_time                              - Undefined Weak Reference
    _getenv_init                              - Undefined Weak Reference
    _handle_redirection                       - Undefined Weak Reference
    _initio                                   - Undefined Weak Reference
    _mutex_acquire                            - Undefined Weak Reference
    _mutex_free                               - Undefined Weak Reference
    _mutex_release                            - Undefined Weak Reference
    _rand_init                                - Undefined Weak Reference
    _signal_finish                            - Undefined Weak Reference
    _signal_init                              - Undefined Weak Reference
    _terminateio                              - Undefined Weak Reference
    Reset_Go                                 0x00000058   ARM Code       0  wb_init.o(WB_INIT)
    __main                                   0x000000ac   ARM Code       8  __main.o(!!!main)
    __scatterload                            0x000000b4   ARM Code       0  __scatter.o(!!!scatter)
    __scatterload_rt2                        0x000000b4   ARM Code      52  __scatter.o(!!!scatter)
    __scatterload_null                       0x000000c8   ARM Code       0  __scatter.o(!!!scatter)
    __decompress                             0x000000f0   ARM Code      92  __dczerorl2.o(!!dczerorl2)
    __decompress1                            0x000000f0   ARM Code       0  __dczerorl2.o(!!dczerorl2)
    __scatterload_copy                       0x0000014c   ARM Code      40  __scatter_copy.o(!!handler_copy)
    __scatterload_zeroinit                   0x00000174   ARM Code      44  __scatter_zi.o(!!handler_zi)
    __rt_lib_init                            0x000001a1   Thumb Code     0  libinit.o(.ARM.Collect$$libinit$$00000000)
    __rt_lib_init_fp_1                       0x000001a3   Thumb Code     0  libinit2.o(.ARM.Collect$$libinit$$00000002)
    __rt_lib_init_heap_2                     0x000001a3   Thumb Code     0  libinit2.o(.ARM.Collect$$libinit$$00000005)
    __rt_lib_init_preinit_1                  0x000001a3   Thumb Code     0  libinit2.o(.ARM.Collect$$libinit$$00000004)
    __rt_lib_init_alloca_1                   0x000001ab   Thumb Code     0  libinit2.o(.ARM.Collect$$libinit$$0000002E)
    __rt_lib_init_argv_1                     0x000001ab   Thumb Code     0  libinit2.o(.ARM.Collect$$libinit$$0000002C)
    __rt_lib_init_atexit_1                   0x000001ab   Thumb Code     0  libinit2.o(.ARM.Collect$$libinit$$0000001B)
    __rt_lib_init_clock_1                    0x000001ab   Thumb Code     0  libinit2.o(.ARM.Collect$$libinit$$00000021)
    __rt_lib_init_cpp_1                      0x000001ab   Thumb Code     0  libinit2.o(.ARM.Collect$$libinit$$00000032)
    __rt_lib_init_exceptions_1               0x000001ab   Thumb Code     0  libinit2.o(.ARM.Collect$$libinit$$00000030)
    __rt_lib_init_fp_trap_1                  0x000001ab   Thumb Code     0  libinit2.o(.ARM.Collect$$libinit$$0000001F)
    __rt_lib_init_getenv_1                   0x000001ab   Thumb Code     0  libinit2.o(.ARM.Collect$$libinit$$00000023)
    __rt_lib_init_heap_1                     0x000001ab   Thumb Code     0  libinit2.o(.ARM.Collect$$libinit$$0000000A)
    __rt_lib_init_lc_collate_1               0x000001ab   Thumb Code     0  libinit2.o(.ARM.Collect$$libinit$$00000011)
    __rt_lib_init_lc_ctype_1                 0x000001ab   Thumb Code     0  libinit2.o(.ARM.Collect$$libinit$$00000013)
    __rt_lib_init_lc_monetary_1              0x000001ab   Thumb Code     0  libinit2.o(.ARM.Collect$$libinit$$00000015)
    __rt_lib_init_lc_numeric_1               0x000001ab   Thumb Code     0  libinit2.o(.ARM.Collect$$libinit$$00000017)
    __rt_lib_init_lc_time_1                  0x000001ab   Thumb Code     0  libinit2.o(.ARM.Collect$$libinit$$00000019)
    __rt_lib_init_rand_1                     0x000001ab   Thumb Code     0  libinit2.o(.ARM.Collect$$libinit$$0000000E)
    __rt_lib_init_return                     0x000001ab   Thumb Code     0  libinit2.o(.ARM.Collect$$libinit$$00000033)
    __rt_lib_init_signal_1                   0x000001ab   Thumb Code     0  libinit2.o(.ARM.Collect$$libinit$$0000001D)
    __rt_lib_init_stdio_1                    0x000001ab   Thumb Code     0  libinit2.o(.ARM.Collect$$libinit$$00000025)
    __rt_lib_init_user_alloc_1               0x000001ab   Thumb Code     0  libinit2.o(.ARM.Collect$$libinit$$0000000C)
    __rt_lib_shutdown                        0x000001ad   Thumb Code     0  libshutdown.o(.ARM.Collect$$libshutdown$$00000000)
    __rt_lib_shutdown_cpp_1                  0x000001af   Thumb Code     0  libshutdown2.o(.ARM.Collect$$libshutdown$$00000004)
    __rt_lib_shutdown_fini_1                 0x000001af   Thumb Code     0  libshutdown2.o(.ARM.Collect$$libshutdown$$00000002)
    __rt_lib_shutdown_fp_trap_1              0x000001af   Thumb Code     0  libshutdown2.o(.ARM.Collect$$libshutdown$$00000009)
    __rt_lib_shutdown_heap_1                 0x000001af   Thumb Code     0  libshutdown2.o(.ARM.Collect$$libshutdown$$00000011)
    __rt_lib_shutdown_return                 0x000001af   Thumb Code     0  libshutdown2.o(.ARM.Collect$$libshutdown$$00000012)
    __rt_lib_shutdown_signal_1               0x000001af   Thumb Code     0  libshutdown2.o(.ARM.Collect$$libshutdown$$0000000C)
    __rt_lib_shutdown_stdio_1                0x000001af   Thumb Code     0  libshutdown2.o(.ARM.Collect$$libshutdown$$00000006)
    __rt_lib_shutdown_user_alloc_1           0x000001af   Thumb Code     0  libshutdown2.o(.ARM.Collect$$libshutdown$$0000000E)
    __rt_entry                               0x000001b0   ARM Code       0  __rtentry.o(.ARM.Collect$$rtentry$$00000000)
    __rt_entry_presh_1                       0x000001b0   ARM Code       0  __rtentry2.o(.ARM.Collect$$rtentry$$00000002)
    __rt_entry_sh                            0x000001b0   ARM Code       0  __rtentry4.o(.ARM.Collect$$rtentry$$00000004)
    __rt_entry_li                            0x000001b8   ARM Code       0  __rtentry2.o(.ARM.Collect$$rtentry$$0000000A)
    __rt_entry_postsh_1                      0x000001b8   ARM Code       0  __rtentry2.o(.ARM.Collect$$rtentry$$00000009)
    __rt_entry_main                          0x000001bc   ARM Code       0  __rtentry2.o(.ARM.Collect$$rtentry$$0000000D)
    __rt_entry_postli_1                      0x000001bc   ARM Code       0  __rtentry2.o(.ARM.Collect$$rtentry$$0000000C)
    __rt_exit                                0x000001e4   ARM Code       0  rtexit.o(.ARM.Collect$$rtexit$$00000000)
    __rt_exit_ls                             0x000001e8   ARM Code       0  rtexit2.o(.ARM.Collect$$rtexit$$00000003)
    __rt_exit_prels_1                        0x000001e8   ARM Code       0  rtexit2.o(.ARM.Collect$$rtexit$$00000002)
    __rt_exit_exit                           0x000001ec   ARM Code       0  rtexit2.o(.ARM.Collect$$rtexit$$00000004)
    sys_flush_and_clean_dcache               0x000001f4   ARM Code      12  wb_cache.o(.emb_text)
    sysSetupCP15                             0x00000200   ARM Code      36  wb_mmu.o(.emb_text)
    _maybe_terminate_alloc                   0x00000225   Thumb Code     0  maybetermalloc1.o(.emb_text)
    spiInit                                  0x00000224   ARM Code     280  main.o(.text)
    main                                     0x0000033c   ARM Code     304  main.o(.text)
    PdmaCallback_SPI                         0x0000052c   ARM Code      32  smpl_pdma_spi.o(.text)
    initSPIPDMA_Write                        0x0000054c   ARM Code     140  smpl_pdma_spi.o(.text)
    initSPIPDMA_Read                         0x000005d8   ARM Code     148  smpl_pdma_spi.o(.text)
    spiFlashPDMAWrite                        0x0000066c   ARM Code     592  smpl_pdma_spi.o(.text)
    spiFlashPDMARead                         0x000008bc   ARM Code     480  smpl_pdma_spi.o(.text)
    SPIFlashTest                             0x00000a9c   ARM Code     196  smpl_pdma_spi.o(.text)
    spiFlashPDMAQuadWrite                    0x00000b60   ARM Code     768  smpl_pdma_spi.o(.text)
    spiFlashPDMAQuadRead                     0x00000e60   ARM Code     524  smpl_pdma_spi.o(.text)
    SPIFlashQuadTest                         0x0000106c   ARM Code     196  smpl_pdma_spi.o(.text)
    spiSlaveTest                             0x00001130   ARM Code     224  smpl_pdma_spi.o(.text)
    _sys_exit                                0x00001240   ARM Code       8  standalone.o(.text)
    _ttywrch                                 0x00001248   ARM Code       8  standalone.o(.text)
    __user_initial_stackheap                 0x00001250   ARM Code      44  standalone.o(.text)
    spiActive                                0x00001280   ARM Code     112  spi.o(.text)
    spiSetGo                                 0x000012f0   ARM Code      60  spi.o(.text)
    spiIsBusy                                0x0000132c   ARM Code      40  spi.o(.text)
    spiTxLen                                 0x00001354   ARM Code     152  spi.o(.text)
    spiSetClock                              0x000013ec   ARM Code      80  spi.o(.text)
    spiSetByteEndin                          0x0000143c   ARM Code     120  spi.o(.text)
    spiEnableInt                             0x000014b4   ARM Code      56  spi.o(.text)
    spiDisableInt                            0x000014ec   ARM Code      56  spi.o(.text)
    spi0IRQHandler                           0x00001524   ARM Code      56  spi.o(.text)
    spi1IRQHandler                           0x0000155c   ARM Code      56  spi.o(.text)
    spiInstallCallBack                       0x00001594   ARM Code     140  spi.o(.text)
    spiOpen                                  0x00001620   ARM Code    1328  spi.o(.text)
    spiClose                                 0x00001b50   ARM Code     280  spi.o(.text)
    spiIoctl                                 0x00001c68   ARM Code      56  spi.o(.text)
    spiEnable                                0x00001ca0   ARM Code      64  spi.o(.text)
    spiDisable                               0x00001ce0   ARM Code      64  spi.o(.text)
    spiRead                                  0x00001d20   ARM Code     440  spi.o(.text)
    spiWrite                                 0x00001ed8   ARM Code     316  spi.o(.text)
    spiSSEnable                              0x00002014   ARM Code     196  spi.o(.text)
    spiSSDisable                             0x000020d8   ARM Code      44  spi.o(.text)
    spiTransfer                              0x00002104   ARM Code    1472  spi.o(.text)
    spiRtosInit                              0x000026c4   ARM Code      12  spi.o(.text)
    EDMA_SetupCST                            0x000026e0   ARM Code      88  n9h26_edma.o(.text)
    EDMA_ClearCST                            0x00002738   ARM Code      32  n9h26_edma.o(.text)
    EDMA_SetupSingle                         0x00002758   ARM Code     240  n9h26_edma.o(.text)
    EDMA_SetupSG                             0x00002848   ARM Code     364  n9h26_edma.o(.text)
    EDMA_FreeSG                              0x000029b4   ARM Code     100  n9h26_edma.o(.text)
    EDMA_SetupHandlers                       0x00002a18   ARM Code      84  n9h26_edma.o(.text)
    EDMA_Enable                              0x00002a6c   ARM Code      68  n9h26_edma.o(.text)
    EDMA_Disable                             0x00002ab0   ARM Code      36  n9h26_edma.o(.text)
    EDMA_Request                             0x00002ad4   ARM Code     168  n9h26_edma.o(.text)
    EDMA_Free                                0x00002b7c   ARM Code     184  n9h26_edma.o(.text)
    VDMA_FindandRequest                      0x00002c34   ARM Code      84  n9h26_edma.o(.text)
    PDMA_FindandRequest                      0x00002c88   ARM Code     100  n9h26_edma.o(.text)
    EDMA_Trigger                             0x00002cec   ARM Code      60  n9h26_edma.o(.text)
    EDMA_TriggerDone                         0x00002d28   ARM Code      24  n9h26_edma.o(.text)
    EDMA_IsBusy                              0x00002d40   ARM Code      20  n9h26_edma.o(.text)
    EDMA_Init                                0x00002d54   ARM Code     160  n9h26_edma.o(.text)
    EDMA_Exit                                0x00002df4   ARM Code      12  n9h26_edma.o(.text)
    EDMA_SetAPB                              0x00002e00   ARM Code     104  n9h26_edma.o(.text)
    EDMA_SetWrapINTType                      0x00002e68   ARM Code     124  n9h26_edma.o(.text)
    EDMA_SetDirection                        0x00002ee4   ARM Code      80  n9h26_edma.o(.text)
    DrvEDMA_Open                             0x00002f50   ARM Code       8  drvedma.o(.text)
    DrvEDMA_Close                            0x00002f58   ARM Code      48  drvedma.o(.text)
    DrvEDMA_IsCHBusy                         0x00002f88   ARM Code      76  drvedma.o(.text)
    DrvEDMA_EnableCH                         0x00002fd4   ARM Code     244  drvedma.o(.text)
    DrvEDMA_IsEnabledCH                      0x000030c8   ARM Code      56  drvedma.o(.text)
    DrvEDMA_DisableScatterGather             0x00003100   ARM Code      24  drvedma.o(.text)
    DrvEDMA_SetTransferSetting               0x00003118   ARM Code     160  drvedma.o(.text)
    DrvEDMA_GetTransferSetting               0x000031b8   ARM Code     152  drvedma.o(.text)
    DrvEDMA_GetTransferLength                0x00003250   ARM Code      60  drvedma.o(.text)
    DrvEDMA_SetAPBTransferWidth              0x0000328c   ARM Code      88  drvedma.o(.text)
    DrvEDMA_GetAPBTransferWidth              0x000032e4   ARM Code      84  drvedma.o(.text)
    DrvEDMA_ClearCHForAPBDevice              0x00003338   ARM Code     176  drvedma.o(.text)
    DrvEDMA_SetCHForAPBDevice                0x000033e8   ARM Code    1016  drvedma.o(.text)
    DrvEDMA_GetCHForAPBDevice                0x000037e0   ARM Code     208  drvedma.o(.text)
    DrvEDMA_SetWrapIntType                   0x000038b0   ARM Code     100  drvedma.o(.text)
    DrvEDMA_GetWrapIntType                   0x00003914   ARM Code      76  drvedma.o(.text)
    DrvEDMA_CHSoftwareReset                  0x00003960   ARM Code      64  drvedma.o(.text)
    DrvEDMA_CHEnablelTransfer                0x000039a0   ARM Code      68  drvedma.o(.text)
    DrvEDMA_GetCurrentSourceAddr             0x000039e4   ARM Code      20  drvedma.o(.text)
    DrvEDMA_GetCurrentDestAddr               0x000039f8   ARM Code      20  drvedma.o(.text)
    DrvEDMA_GetCurrentTransferCount          0x00003a0c   ARM Code      20  drvedma.o(.text)
    DrvEDMA_EnableInt                        0x00003a20   ARM Code      56  drvedma.o(.text)
    DrvEDMA_DisableInt                       0x00003a58   ARM Code      24  drvedma.o(.text)
    DrvEDMA_IsIntEnabled                     0x00003a70   ARM Code     128  drvedma.o(.text)
    DrvEDMA_ClearInt                         0x00003af0   ARM Code      16  drvedma.o(.text)
    DrvEDMA_PollInt                          0x00003b00   ARM Code      28  drvedma.o(.text)
    DrvEDMA_SetColorTransformFormat          0x00003b1c   ARM Code      88  drvedma.o(.text)
    DrvEDMA_GetColorTransformFormat          0x00003b74   ARM Code      44  drvedma.o(.text)
    DrvEDMA_SetColorTransformOperation       0x00003ba0   ARM Code      84  drvedma.o(.text)
    DrvEDMA_GetColorTransformOperation       0x00003bf4   ARM Code      40  drvedma.o(.text)
    DrvEDMA_SetSourceStride                  0x00003c1c   ARM Code      68  drvedma.o(.text)
    DrvEDMA_GetSourceStride                  0x00003c60   ARM Code      40  drvedma.o(.text)
    DrvEDMA_SetDestinationStrideOffset       0x00003c88   ARM Code      72  drvedma.o(.text)
    DrvEDMA_GetDestinationStrideOffset       0x00003cd0   ARM Code      28  drvedma.o(.text)
    DrvEDMA_SetClamping                      0x00003cec   ARM Code     148  drvedma.o(.text)
    DrvEDMA_GetClamping                      0x00003d80   ARM Code      28  drvedma.o(.text)
    DrvEDMA_GetInternalBufPointer            0x00003d9c   ARM Code      28  drvedma.o(.text)
    DrvEDMA_GetSharedBufData                 0x00003db8   ARM Code      24  drvedma.o(.text)
    DrvEDMA_ISR                              0x00003dd0   ARM Code    2028  drvedma.o(.text)
    DrvEDMA1_ISR                             0x000045bc   ARM Code    1896  drvedma.o(.text)
    DrvEDMA_InstallCallBack                  0x00004d24   ARM Code     272  drvedma.o(.text)
    DrvEDMA_GetScatterGatherInfo             0x00004e34   ARM Code      20  drvedma.o(.text)
    DrvEDMA_SetScatterGatherTblStartAddr     0x00004e48   ARM Code      16  drvedma.o(.text)
    DrvEDMA_EnableScatterGather              0x00004e58   ARM Code      24  drvedma.o(.text)
    DrvEDMA_SetScatterGatherSetting          0x00004e70   ARM Code    1040  drvedma.o(.text)
    usiCheckBusy                             0x00005298   ARM Code     184  spiflash_freertos.o(.text)
    usiReadID                                0x00005350   ARM Code     216  spiflash_freertos.o(.text)
    usiWriteEnable                           0x00005428   ARM Code      92  spiflash_freertos.o(.text)
    usiWriteDisable                          0x00005484   ARM Code      92  spiflash_freertos.o(.text)
    usiStatusWrite                           0x000054e0   ARM Code     148  spiflash_freertos.o(.text)
    usiStatusWrite1                          0x00005574   ARM Code     204  spiflash_freertos.o(.text)
    usiStatusWrite2                          0x00005640   ARM Code     160  spiflash_freertos.o(.text)
    usiStatusRead                            0x000056e0   ARM Code     172  spiflash_freertos.o(.text)
    usiEONQPIEnable                          0x0000578c   ARM Code      92  spiflash_freertos.o(.text)
    spiFlashInit                             0x000057e8   ARM Code     336  spiflash_freertos.o(.text)
    spiFlashReset                            0x00005938   ARM Code     200  spiflash_freertos.o(.text)
    spiFlashEraseSector                      0x00005a00   ARM Code     372  spiflash_freertos.o(.text)
    spiFlashEraseBlock                       0x00005b74   ARM Code     296  spiflash_freertos.o(.text)
    spiFlashEraseAll                         0x00005c9c   ARM Code     116  spiflash_freertos.o(.text)
    spiFlashWrite                            0x00005d10   ARM Code     608  spiflash_freertos.o(.text)
    spiFlashRead                             0x00005f70   ARM Code     452  spiflash_freertos.o(.text)
    spiFlashQuadWrite                        0x00006134   ARM Code     832  spiflash_freertos.o(.text)
    spiFlashFastReadQuad                     0x00006474   ARM Code     580  spiflash_freertos.o(.text)
    spiEONFlashQuadWrite                     0x000066b8   ARM Code     856  spiflash_freertos.o(.text)
    spiEONFlashFastReadQuad                  0x00006a10   ARM Code     672  spiflash_freertos.o(.text)
    spiFlashEnter4ByteMode                   0x00006cb0   ARM Code     104  spiflash_freertos.o(.text)
    spiFlashExit4ByteMode                    0x00006d18   ARM Code     100  spiflash_freertos.o(.text)
    sysIrqHandler                            0x00006d84   ARM Code     308  wb_aic.o(.text)
    sysFiqHandler                            0x00006eb8   ARM Code     308  wb_aic.o(.text)
    WB_Interrupt_Shell                       0x00006fec   ARM Code       4  wb_aic.o(.text)
    sysInitializeAIC                         0x00006ff0   ARM Code      60  wb_aic.o(.text)
    sysDisableInterrupt                      0x0000702c   ARM Code      84  wb_aic.o(.text)
    sysEnableInterrupt                       0x00007080   ARM Code      84  wb_aic.o(.text)
    sysInstallExceptionHandler               0x000070d4   ARM Code     136  wb_aic.o(.text)
    sysInstallFiqHandler                     0x0000715c   ARM Code      20  wb_aic.o(.text)
    sysInstallIrqHandler                     0x00007170   ARM Code      20  wb_aic.o(.text)
    sysInstallISR                            0x00007184   ARM Code     328  wb_aic.o(.text)
    sysSetGlobalInterrupt                    0x000072cc   ARM Code     100  wb_aic.o(.text)
    sysSetInterruptPriorityLevel             0x00007330   ARM Code     196  wb_aic.o(.text)
    sysSetInterruptType                      0x000073f4   ARM Code     152  wb_aic.o(.text)
    sysSetLocalInterrupt                     0x0000748c   ARM Code     140  wb_aic.o(.text)
    sysSetAIC2SWMode                         0x00007518   ARM Code      16  wb_aic.o(.text)
    sysGetInterruptEnableStatus              0x00007528   ARM Code      12  wb_aic.o(.text)
    sysGetInterruptHighEnableStatus          0x00007534   ARM Code      12  wb_aic.o(.text)
    sysGetIBitState                          0x00007540   ARM Code      28  wb_aic.o(.text)
    sysGetSdramSizebyMB                      0x00007574   ARM Code     408  wb_cache.o(.text)
    sysEnableCache                           0x0000770c   ARM Code      44  wb_cache.o(.text)
    sysDisableCache                          0x00007738   ARM Code      88  wb_cache.o(.text)
    sysFlushCache                            0x00007790   ARM Code     112  wb_cache.o(.text)
    sysInvalidCache                          0x00007800   ARM Code      12  wb_cache.o(.text)
    sysGetCacheState                         0x0000780c   ARM Code      12  wb_cache.o(.text)
    sysGetCacheMode                          0x00007818   ARM Code      12  wb_cache.o(.text)
    _sysLockCode                             0x00007824   ARM Code     200  wb_cache.o(.text)
    _sysUnLockCode                           0x000078ec   ARM Code      40  wb_cache.o(.text)
    sysGetPLLOutputHz                        0x00007924   ARM Code     164  wb_config.o(.text)
    sysCheckPllConstraint                    0x000079c8   ARM Code      12  wb_config.o(.text)
    _sysGetPLLControlRegister                0x000079d4   ARM Code     292  wb_config.o(.text)
    sysSetPLLControlRegister                 0x00007af8   ARM Code      40  wb_config.o(.text)
    _sysClockSwitch                          0x00007b20   ARM Code     344  wb_config.o(.text)
    _sysClockSwitchStart                     0x00007c78   ARM Code     180  wb_config.o(.text)
    sysGetExternalClock                      0x00007d2c   ARM Code      24  wb_config.o(.text)
    sysGetDramClock                          0x00007d44   ARM Code      88  wb_config.o(.text)
    sysGetSystemClock                        0x00007d9c   ARM Code     200  wb_config.o(.text)
    sysGetCPUClock                           0x00007e64   ARM Code      48  wb_config.o(.text)
    sysSetSystemClock                        0x00007e94   ARM Code    1236  wb_config.o(.text)
    sysSetCPUClock                           0x00008368   ARM Code     144  wb_config.o(.text)
    sysGetHCLK1Clock                         0x000083f8   ARM Code      48  wb_config.o(.text)
    sysSetAPBClock                           0x00008428   ARM Code     168  wb_config.o(.text)
    sysGetHCLK234Clock                       0x000084d0   ARM Code      44  wb_config.o(.text)
    sysGetAPBClock                           0x000084fc   ARM Code      44  wb_config.o(.text)
    sysSetPllClock                           0x00008528   ARM Code     400  wb_config.o(.text)
    _dramClockSwitch                         0x000086b8   ARM Code    2916  wb_config.o(.text)
    _dramClockSwitchStart                    0x0000921c   ARM Code     376  wb_config.o(.text)
    sysSetDramClock                          0x00009394   ARM Code     596  wb_config.o(.text)
    sysTimerISR                              0x000095ec   ARM Code    1016  wb_timer.o(.text)
    sysGetTicks                              0x000099e4   ARM Code     124  wb_timer.o(.text)
    sysResetTicks                            0x00009a60   ARM Code     140  wb_timer.o(.text)
    sysUpdateTickCount                       0x00009aec   ARM Code     124  wb_timer.o(.text)
    sysSetTimerReferenceClock                0x00009b68   ARM Code     124  wb_timer.o(.text)
    sysStartTimer                            0x00009be4   ARM Code    1120  wb_timer.o(.text)
    sysStopTimer                             0x0000a044   ARM Code     700  wb_timer.o(.text)
    sysClearWatchDogTimerCount               0x0000a300   ARM Code      36  wb_timer.o(.text)
    sysClearWatchDogTimerInterruptStatus     0x0000a324   ARM Code      36  wb_timer.o(.text)
    sysDisableWatchDogTimer                  0x0000a348   ARM Code      36  wb_timer.o(.text)
    sysDisableWatchDogTimerReset             0x0000a36c   ARM Code      36  wb_timer.o(.text)
    sysEnableWatchDogTimer                   0x0000a390   ARM Code      36  wb_timer.o(.text)
    sysEnableWatchDogTimerReset              0x0000a3b4   ARM Code      36  wb_timer.o(.text)
    sysInstallWatchDogTimerISR               0x0000a3d8   ARM Code      92  wb_timer.o(.text)
    sysSetWatchDogTimerInterval              0x0000a434   ARM Code      60  wb_timer.o(.text)
    sysSetTimerEvent                         0x0000a470   ARM Code     852  wb_timer.o(.text)
    sysClearTimerEvent                       0x0000a7c4   ARM Code     340  wb_timer.o(.text)
    sysDOS_Time_To_UTC                       0x0000a918   ARM Code     300  wb_timer.o(.text)
    sysUTC_To_DOS_Time                       0x0000aa44   ARM Code     320  wb_timer.o(.text)
    sysSetLocalTime                          0x0000ab84   ARM Code      64  wb_timer.o(.text)
    sysGetCurrentTime                        0x0000abc4   ARM Code      68  wb_timer.o(.text)
    sysDelay                                 0x0000ac08   ARM Code      96  wb_timer.o(.text)
    sysUartPort                              0x0000ac94   ARM Code     160  wb_uart.o(.text)
    sysUartInstallcallback                   0x0000ad34   ARM Code      76  wb_uart.o(.text)
    sysUartISR                               0x0000ad80   ARM Code     756  wb_uart.o(.text)
    sysUartEnableInt                         0x0000b0ac   ARM Code     148  wb_uart.o(.text)
    sysInitializeUART                        0x0000b140   ARM Code     528  wb_uart.o(.text)
    _PutChar_f                               0x0000b350   ARM Code     440  wb_uart.o(.text)
    sysPutString                             0x0000b508   ARM Code      40  wb_uart.o(.text)
    sysPrintf                                0x0000b958   ARM Code     204  wb_uart.o(.text)
    sysprintf                                0x0000ba24   ARM Code     284  wb_uart.o(.text)
    sysGetChar                               0x0000bb40   ARM Code      52  wb_uart.o(.text)
    sysPutChar                               0x0000bb74   ARM Code      48  wb_uart.o(.text)
    sysUartTransfer                          0x0000bba4   ARM Code      68  wb_uart.o(.text)
    sysSetMMUMappingMethod                   0x0000bbe8   ARM Code       8  wb_mmu.o(.text)
    sysInitMMUTable                          0x0000bbf0   ARM Code     168  wb_mmu.o(.text)
    malloc                                   0x0000bca9   Thumb Code    98  h1_alloc.o(.text)
    free                                     0x0000bd0b   Thumb Code    76  h1_free.o(.text)
    strlen                                   0x0000bd59   Thumb Code    62  strlen.o(.text)
    __aeabi_memcpy                           0x0000bd9c   ARM Code       0  rt_memcpy.o(.text)
    __rt_memcpy                              0x0000bd9c   ARM Code     212  rt_memcpy.o(.text)
    _memcpy_lastbytes                        0x0000be50   ARM Code       0  rt_memcpy.o(.text)
    __aeabi_idiv                             0x0000be70   ARM Code       0  aeabi_sdiv.o(.text)
    __aeabi_idivmod                          0x0000be70   ARM Code     380  aeabi_sdiv.o(.text)
    __rt_heap_descriptor                     0x0000bfec   ARM Code      12  rt_heap_descriptor_intlibspace.o(.text)
    __use_no_heap                            0x0000bff9   Thumb Code     2  hguard.o(.text)
    __heap$guard                             0x0000bffb   Thumb Code     2  hguard.o(.text)
    _terminate_user_alloc                    0x0000bffd   Thumb Code     2  init_alloc.o(.text)
    _init_user_alloc                         0x0000bfff   Thumb Code     2  init_alloc.o(.text)
    __Heap_Full                              0x0000c001   Thumb Code    32  init_alloc.o(.text)
    __Heap_Broken                            0x0000c021   Thumb Code    10  init_alloc.o(.text)
    _init_alloc                              0x0000c02b   Thumb Code    90  init_alloc.o(.text)
    __Heap_Initialize                        0x0000c085   Thumb Code    10  h1_init.o(.text)
    __Heap_DescSize                          0x0000c08f   Thumb Code     4  h1_init.o(.text)
    __aeabi_memcpy4                          0x0000c094   ARM Code       0  rt_memcpy_w.o(.text)
    __aeabi_memcpy8                          0x0000c094   ARM Code       0  rt_memcpy_w.o(.text)
    __rt_memcpy_w                            0x0000c094   ARM Code     100  rt_memcpy_w.o(.text)
    _memcpy_lastbytes_aligned                0x0000c0e0   ARM Code       0  rt_memcpy_w.o(.text)
    __user_libspace                          0x0000c0f8   ARM Code      12  libspace.o(.text)
    __user_perproc_libspace                  0x0000c0f8   ARM Code       0  libspace.o(.text)
    __user_perthread_libspace                0x0000c0f8   ARM Code       0  libspace.o(.text)
    __Heap_ProvideMemory                     0x0000c105   Thumb Code    52  h1_extend.o(.text)
    __rt_SIGRTMEM                            0x0000c139   Thumb Code    12  defsig_rtmem_outer.o(.text)
    __rt_heap_escrow                         0x0000c145   Thumb Code    24  heapauxa.o(.text)
    __rt_heap_expand                         0x0000c15d   Thumb Code    52  heapauxa.o(.text)
    __user_setup_stackheap                   0x0000c194   ARM Code      96  sys_stackheap_outer.o(.text)
    exit                                     0x0000c1f5   Thumb Code    16  exit.o(.text)
    __sig_exit                               0x0000c205   Thumb Code    12  defsig_exit.o(.text)
    __rt_SIGRTMEM_inner                      0x0000c211   Thumb Code    22  defsig_rtmem_inner.o(.text)
    __default_signal_display                 0x0000c261   Thumb Code    52  defsig_general.o(.text)
    __aeabi_uidiv                            0x0000c294   ARM Code       0  aeabi_sdiv.o(.text_udiv)
    __aeabi_uidivmod                         0x0000c294   ARM Code      36  aeabi_sdiv.o(.text_udiv)
    Region$$Table$$Base                      0x0000c31c   Number         0  anon$$obj.o(Region$$Table)
    Region$$Table$$Limit                     0x0000c34c   Number         0  anon$$obj.o(Region$$Table)
    g_u8Is4ByteMode                          0x0000c360   Data           1  spiflash_freertos.o(.data)
    _sys_bIsAICInitial                       0x0000c364   Data           1  wb_aic.o(.data)
    _sys_bIsHWMode                           0x0000c365   Data           1  wb_aic.o(.data)
    sysIrqHandlerTable                       0x0000c368   Data         192  wb_aic.o(.data)
    sysFiqHandlerTable                       0x0000c428   Data         192  wb_aic.o(.data)
    _sys_IsCacheOn                           0x0000c4e8   Data           1  wb_cache.o(.data)
    _sys_CacheMode                           0x0000c4ec   Data           4  wb_cache.o(.data)
    bIsFirstReadClkSkew                      0x0000c500   Data           1  wb_config.o(.data)
    u32ClkSkewInit                           0x0000c504   Data           4  wb_config.o(.data)
    bIsCheckConstraint                       0x0000c508   Data           1  wb_config.o(.data)
    bIsAPLLInitialize                        0x0000c509   Data           1  wb_config.o(.data)
    _sys_uTimer0ClockRate                    0x0000c518   Data           4  wb_timer.o(.data)
    _sys_uTimer0Count                        0x0000c51c   Data           4  wb_timer.o(.data)
    _sys_uTime0EventCount                    0x0000c520   Data           4  wb_timer.o(.data)
    _sys_bIsSetTime0Event                    0x0000c524   Data           1  wb_timer.o(.data)
    _sys_bIsTimer0Initial                    0x0000c525   Data           1  wb_timer.o(.data)
    _sys_uTimer1ClockRate                    0x0000c528   Data           4  wb_timer.o(.data)
    _sys_uTimer1Count                        0x0000c52c   Data           4  wb_timer.o(.data)
    _sys_uTime1EventCount                    0x0000c530   Data           4  wb_timer.o(.data)
    _sys_bIsSetTime1Event                    0x0000c534   Data           1  wb_timer.o(.data)
    _sys_bIsTimer1Initial                    0x0000c535   Data           1  wb_timer.o(.data)
    _sys_uTimer2ClockRate                    0x0000c538   Data           4  wb_timer.o(.data)
    _sys_uTimer2Count                        0x0000c53c   Data           4  wb_timer.o(.data)
    _sys_uTime2EventCount                    0x0000c540   Data           4  wb_timer.o(.data)
    _sys_bIsSetTime2Event                    0x0000c544   Data           1  wb_timer.o(.data)
    _sys_bIsTimer2Initial                    0x0000c545   Data           1  wb_timer.o(.data)
    _sys_uTimer3ClockRate                    0x0000c548   Data           4  wb_timer.o(.data)
    _sys_uTimer3Count                        0x0000c54c   Data           4  wb_timer.o(.data)
    _sys_uTime3EventCount                    0x0000c550   Data           4  wb_timer.o(.data)
    _sys_bIsSetTime3Event                    0x0000c554   Data           1  wb_timer.o(.data)
    _sys_bIsTimer3Initial                    0x0000c555   Data           1  wb_timer.o(.data)
    _sys_ReferenceTime_Clock                 0x0000c558   Data           4  wb_timer.o(.data)
    _sys_pvOldTimer0Vect                     0x0000c58c   Data           4  wb_timer.o(.data)
    _sys_uTimer0TickPerSecond                0x0000c590   Data           4  wb_timer.o(.data)
    _sys_pvOldTimer1Vect                     0x0000c594   Data           4  wb_timer.o(.data)
    _sys_uTimer1TickPerSecond                0x0000c598   Data           4  wb_timer.o(.data)
    _sys_pvOldTimer2Vect                     0x0000c59c   Data           4  wb_timer.o(.data)
    _sys_uTimer2TickPerSecond                0x0000c5a0   Data           4  wb_timer.o(.data)
    _sys_pvOldTimer3Vect                     0x0000c5a4   Data           4  wb_timer.o(.data)
    _sys_uTimer3TickPerSecond                0x0000c5a8   Data           4  wb_timer.o(.data)
    _sys_ReferenceTime_UTC                   0x0000c5ac   Data           4  wb_timer.o(.data)
    _sys_bIsUARTInitial                      0x0000c5b0   Data           1  wb_uart.o(.data)
    _sys_bIsUseUARTInt                       0x0000c5b1   Data           1  wb_uart.o(.data)
    _sys_uUARTClockRate                      0x0000c5b4   Data           4  wb_uart.o(.data)
    rx_cnt                                   0x0000c5b8   Data           4  wb_uart.o(.data)
    u32UartPort                              0x0000c5bc   Data           4  wb_uart.o(.data)
    i32UsedPort                              0x0000c5c0   Data           4  wb_uart.o(.data)
    _sys_uUartTxHead                         0x0000c5c8   Data           4  wb_uart.o(.data)
    _sys_uUartTxTail                         0x0000c5cc   Data           4  wb_uart.o(.data)
    _sys_pvOldUartVect                       0x0000c5d0   Data           4  wb_uart.o(.data)
    lcdFormat                                0x0000c5dc   Data          20  main.o(.bss)
    HostCPU_Slave                            0x0000c5f0   Data          12  main.o(.bss)
    WriteBuffer                              0x0000d000   Data          16  smpl_pdma_spi.o(.bss)
    ReadBuffer                               0x0000e000   Data          16  smpl_pdma_spi.o(.bss)
    tTime0Event                              0x0000e280   Data         160  wb_timer.o(.bss)
    tTime1Event                              0x0000e320   Data         160  wb_timer.o(.bss)
    tTime2Event                              0x0000e3c0   Data         160  wb_timer.o(.bss)
    tTime3Event                              0x0000e460   Data         160  wb_timer.o(.bss)
    pfnUartIntHandlerTable                   0x0000e500   Data          16  wb_uart.o(.bss)
    uart_rx                                  0x0000e510   Data         100  wb_uart.o(.bss)
    _sys_ucUartTxBuf                         0x0000e574   Data         256  wb_uart.o(.bss)
    _mmuSectionTable                         0x00010000   Data       16384  wb_mmu.o(.bss)
    _tmp_buf                                 0x00014000   Data        8192  wb_power.o(.bss)
    __libspace_start                         0x00016000   Data          96  libspace.o(.bss)
    Image$$ZI$$Limit                         0x00016060   Number         0  anon$$obj.o ABSOLUTE
    __temporary_stack_top$libspace           0x00016060   Data           0  libspace.o(.bss)



==============================================================================

Memory Map of the image

  Image Entry point : 0x00000000

  Load Region LR_IROM1 (Base: 0x00000000, Size: 0x0000c5dc, Max: 0x02000000, ABSOLUTE, COMPRESSED[0x0000c388])

    Execution Region ER_IROM1 (Exec base: 0x00000000, Load base: 0x00000000, Size: 0x0000c34c, Max: 0x02000000, ABSOLUTE)

    Exec Addr    Load Addr    Size         Type   Attr      Idx    E Section Name        Object

    0x00000000   0x00000000   0x000000ac   Code   RO          307  * WB_INIT             wb_init.o
    0x000000ac   0x000000ac   0x00000008   Code   RO          679  * !!!main             c_5.l(__main.o)
    0x000000b4   0x000000b4   0x0000003c   Code   RO          894    !!!scatter          c_5.l(__scatter.o)
    0x000000f0   0x000000f0   0x0000005c   Code   RO          892    !!dczerorl2         c_5.l(__dczerorl2.o)
    0x0000014c   0x0000014c   0x00000028   Code   RO          896    !!handler_copy      c_5.l(__scatter_copy.o)
    0x00000174   0x00000174   0x0000002c   Code   RO          898    !!handler_zi        c_5.l(__scatter_zi.o)
    0x000001a0   0x000001a0   0x00000002   Code   RO          833    .ARM.Collect$$libinit$$00000000  c_5.l(libinit.o)
    0x000001a2   0x000001a2   0x00000000   Code   RO          718    .ARM.Collect$$libinit$$00000002  c_5.l(libinit2.o)
    0x000001a2   0x000001a2   0x00000000   Code   RO          720    .ARM.Collect$$libinit$$00000004  c_5.l(libinit2.o)
    0x000001a2   0x000001a2   0x00000008   Code   RO          721    .ARM.Collect$$libinit$$00000005  c_5.l(libinit2.o)
    0x000001aa   0x000001aa   0x00000000   Code   RO          723    .ARM.Collect$$libinit$$0000000A  c_5.l(libinit2.o)
    0x000001aa   0x000001aa   0x00000000   Code   RO          725    .ARM.Collect$$libinit$$0000000C  c_5.l(libinit2.o)
    0x000001aa   0x000001aa   0x00000000   Code   RO          727    .ARM.Collect$$libinit$$0000000E  c_5.l(libinit2.o)
    0x000001aa   0x000001aa   0x00000000   Code   RO          730    .ARM.Collect$$libinit$$00000011  c_5.l(libinit2.o)
    0x000001aa   0x000001aa   0x00000000   Code   RO          732    .ARM.Collect$$libinit$$00000013  c_5.l(libinit2.o)
    0x000001aa   0x000001aa   0x00000000   Code   RO          734    .ARM.Collect$$libinit$$00000015  c_5.l(libinit2.o)
    0x000001aa   0x000001aa   0x00000000   Code   RO          736    .ARM.Collect$$libinit$$00000017  c_5.l(libinit2.o)
    0x000001aa   0x000001aa   0x00000000   Code   RO          738    .ARM.Collect$$libinit$$00000019  c_5.l(libinit2.o)
    0x000001aa   0x000001aa   0x00000000   Code   RO          740    .ARM.Collect$$libinit$$0000001B  c_5.l(libinit2.o)
    0x000001aa   0x000001aa   0x00000000   Code   RO          742    .ARM.Collect$$libinit$$0000001D  c_5.l(libinit2.o)
    0x000001aa   0x000001aa   0x00000000   Code   RO          744    .ARM.Collect$$libinit$$0000001F  c_5.l(libinit2.o)
    0x000001aa   0x000001aa   0x00000000   Code   RO          746    .ARM.Collect$$libinit$$00000021  c_5.l(libinit2.o)
    0x000001aa   0x000001aa   0x00000000   Code   RO          748    .ARM.Collect$$libinit$$00000023  c_5.l(libinit2.o)
    0x000001aa   0x000001aa   0x00000000   Code   RO          750    .ARM.Collect$$libinit$$00000025  c_5.l(libinit2.o)
    0x000001aa   0x000001aa   0x00000000   Code   RO          754    .ARM.Collect$$libinit$$0000002C  c_5.l(libinit2.o)
    0x000001aa   0x000001aa   0x00000000   Code   RO          756    .ARM.Collect$$libinit$$0000002E  c_5.l(libinit2.o)
    0x000001aa   0x000001aa   0x00000000   Code   RO          758    .ARM.Collect$$libinit$$00000030  c_5.l(libinit2.o)
    0x000001aa   0x000001aa   0x00000000   Code   RO          760    .ARM.Collect$$libinit$$00000032  c_5.l(libinit2.o)
    0x000001aa   0x000001aa   0x00000002   Code   RO          761    .ARM.Collect$$libinit$$00000033  c_5.l(libinit2.o)
    0x000001ac   0x000001ac   0x00000002   Code   RO          889    .ARM.Collect$$libshutdown$$00000000  c_5.l(libshutdown.o)
    0x000001ae   0x000001ae   0x00000000   Code   RO          847    .ARM.Collect$$libshutdown$$00000002  c_5.l(libshutdown2.o)
    0x000001ae   0x000001ae   0x00000000   Code   RO          849    .ARM.Collect$$libshutdown$$00000004  c_5.l(libshutdown2.o)
    0x000001ae   0x000001ae   0x00000000   Code   RO          851    .ARM.Collect$$libshutdown$$00000006  c_5.l(libshutdown2.o)
    0x000001ae   0x000001ae   0x00000000   Code   RO          854    .ARM.Collect$$libshutdown$$00000009  c_5.l(libshutdown2.o)
    0x000001ae   0x000001ae   0x00000000   Code   RO          857    .ARM.Collect$$libshutdown$$0000000C  c_5.l(libshutdown2.o)
    0x000001ae   0x000001ae   0x00000000   Code   RO          859    .ARM.Collect$$libshutdown$$0000000E  c_5.l(libshutdown2.o)
    0x000001ae   0x000001ae   0x00000000   Code   RO          862    .ARM.Collect$$libshutdown$$00000011  c_5.l(libshutdown2.o)
    0x000001ae   0x000001ae   0x00000002   Code   RO          863    .ARM.Collect$$libshutdown$$00000012  c_5.l(libshutdown2.o)
    0x000001b0   0x000001b0   0x00000000   Code   RO          683    .ARM.Collect$$rtentry$$00000000  c_5.l(__rtentry.o)
    0x000001b0   0x000001b0   0x00000000   Code   RO          768    .ARM.Collect$$rtentry$$00000002  c_5.l(__rtentry2.o)
    0x000001b0   0x000001b0   0x00000008   Code   RO          780    .ARM.Collect$$rtentry$$00000004  c_5.l(__rtentry4.o)
    0x000001b8   0x000001b8   0x00000000   Code   RO          770    .ARM.Collect$$rtentry$$00000009  c_5.l(__rtentry2.o)
    0x000001b8   0x000001b8   0x00000004   Code   RO          771    .ARM.Collect$$rtentry$$0000000A  c_5.l(__rtentry2.o)
    0x000001bc   0x000001bc   0x00000000   Code   RO          773    .ARM.Collect$$rtentry$$0000000C  c_5.l(__rtentry2.o)
    0x000001bc   0x000001bc   0x00000028   Code   RO          774    .ARM.Collect$$rtentry$$0000000D  c_5.l(__rtentry2.o)
    0x000001e4   0x000001e4   0x00000004   Code   RO          834    .ARM.Collect$$rtexit$$00000000  c_5.l(rtexit.o)
    0x000001e8   0x000001e8   0x00000000   Code   RO          865    .ARM.Collect$$rtexit$$00000002  c_5.l(rtexit2.o)
    0x000001e8   0x000001e8   0x00000004   Code   RO          866    .ARM.Collect$$rtexit$$00000003  c_5.l(rtexit2.o)
    0x000001ec   0x000001ec   0x00000008   Code   RO          867    .ARM.Collect$$rtexit$$00000004  c_5.l(rtexit2.o)
    0x000001f4   0x000001f4   0x0000000c   Code   RO          482    .emb_text           N9H26_SYS.lib(wb_cache.o)
    0x00000200   0x00000200   0x00000024   Code   RO          557    .emb_text           N9H26_SYS.lib(wb_mmu.o)
    0x00000224   0x00000224   0x00000000   Code   RO          786    .emb_text           c_5.l(maybetermalloc1.o)
    0x00000224   0x00000224   0x00000308   Code   RO            1    .text               main.o
    0x0000052c   0x0000052c   0x00000d14   Code   RO          173    .text               smpl_pdma_spi.o
    0x00001240   0x00001240   0x00000040   Code   RO          296    .text               standalone.o
    0x00001280   0x00001280   0x00001460   Code   RO          311    .text               spi.o
    0x000026e0   0x000026e0   0x00000870   Code   RO          325    .text               n9h26_edma.o
    0x00002f50   0x00002f50   0x00002348   Code   RO          350    .text               drvedma.o
    0x00005298   0x00005298   0x00001aec   Code   RO          364    .text               N9H26_SPI_FreeRTOS.lib(spiflash_freertos.o)
    0x00006d84   0x00006d84   0x000007f0   Code   RO          448    .text               N9H26_SYS.lib(wb_aic.o)
    0x00007574   0x00007574   0x000003b0   Code   RO          483    .text               N9H26_SYS.lib(wb_cache.o)
    0x00007924   0x00007924   0x00001cc8   Code   RO          501    .text               N9H26_SYS.lib(wb_config.o)
    0x000095ec   0x000095ec   0x000016a8   Code   RO          521    .text               N9H26_SYS.lib(wb_timer.o)
    0x0000ac94   0x0000ac94   0x00000f54   Code   RO          537    .text               N9H26_SYS.lib(wb_uart.o)
    0x0000bbe8   0x0000bbe8   0x000000c0   Code   RO          558    .text               N9H26_SYS.lib(wb_mmu.o)
    0x0000bca8   0x0000bca8   0x00000062   Code   RO          601    .text               c_5.l(h1_alloc.o)
    0x0000bd0a   0x0000bd0a   0x0000004c   Code   RO          603    .text               c_5.l(h1_free.o)
    0x0000bd56   0x0000bd56   0x00000002   PAD
    0x0000bd58   0x0000bd58   0x00000044   Code   RO          659    .text               c_5.l(strlen.o)
    0x0000bd9c   0x0000bd9c   0x000000d4   Code   RO          661    .text               c_5.l(rt_memcpy.o)
    0x0000be70   0x0000be70   0x0000017c   Code   RO          663    .text               c_5.l(aeabi_sdiv.o)
    0x0000bfec   0x0000bfec   0x0000000c   Code   RO          691    .text               c_5.l(rt_heap_descriptor_intlibspace.o)
    0x0000bff8   0x0000bff8   0x00000004   Code   RO          693    .text               c_5.l(hguard.o)
    0x0000bffc   0x0000bffc   0x00000088   Code   RO          695    .text               c_5.l(init_alloc.o)
    0x0000c084   0x0000c084   0x0000000e   Code   RO          699    .text               c_5.l(h1_init.o)
    0x0000c092   0x0000c092   0x00000002   PAD
    0x0000c094   0x0000c094   0x00000064   Code   RO          713    .text               c_5.l(rt_memcpy_w.o)
    0x0000c0f8   0x0000c0f8   0x0000000c   Code   RO          764    .text               c_5.l(libspace.o)
    0x0000c104   0x0000c104   0x00000034   Code   RO          788    .text               c_5.l(h1_extend.o)
    0x0000c138   0x0000c138   0x0000000c   Code   RO          792    .text               c_5.l(defsig_rtmem_outer.o)
    0x0000c144   0x0000c144   0x00000050   Code   RO          796    .text               c_5.l(heapauxa.o)
    0x0000c194   0x0000c194   0x00000060   Code   RO          808    .text               c_5.l(sys_stackheap_outer.o)
    0x0000c1f4   0x0000c1f4   0x00000010   Code   RO          814    .text               c_5.l(exit.o)
    0x0000c204   0x0000c204   0x0000000c   Code   RO          816    .text               c_5.l(defsig_exit.o)
    0x0000c210   0x0000c210   0x00000050   Code   RO          822    .text               c_5.l(defsig_rtmem_inner.o)
    0x0000c260   0x0000c260   0x00000034   Code   RO          842    .text               c_5.l(defsig_general.o)
    0x0000c294   0x0000c294   0x00000024   Code   RO          664    .text_udiv          c_5.l(aeabi_sdiv.o)
    0x0000c2b8   0x0000c2b8   0x00000020   Data   RO          502    .constdata          N9H26_SYS.lib(wb_config.o)
    0x0000c2d8   0x0000c2d8   0x00000044   Data   RO            3    .conststring        main.o
    0x0000c31c   0x0000c31c   0x00000030   Data   RO          890    Region$$Table       anon$$obj.o


    Execution Region RW_RAM1 (Exec base: 0x0000c34c, Load base: 0x0000c34c, Size: 0x00009d14, Max: 0xffffffff, ABSOLUTE, COMPRESSED[0x0000003c])

    Exec Addr    Load Addr    Size         Type   Attr      Idx    E Section Name        Object

    0x0000c34c   COMPRESSED   0x00000005   Data   RW          175    .data               smpl_pdma_spi.o
    0x0000c351   COMPRESSED   0x00000003   PAD
    0x0000c354   COMPRESSED   0x0000000a   Data   RW          312    .data               spi.o
    0x0000c35e   COMPRESSED   0x00000001   Data   RW          327    .data               n9h26_edma.o
    0x0000c35f   COMPRESSED   0x00000002   Data   RW          365    .data               N9H26_SPI_FreeRTOS.lib(spiflash_freertos.o)
    0x0000c361   COMPRESSED   0x00000003   PAD
    0x0000c364   COMPRESSED   0x00000184   Data   RW          449    .data               N9H26_SYS.lib(wb_aic.o)
    0x0000c4e8   COMPRESSED   0x00000008   Data   RW          484    .data               N9H26_SYS.lib(wb_cache.o)
    0x0000c4f0   COMPRESSED   0x00000028   Data   RW          503    .data               N9H26_SYS.lib(wb_config.o)
    0x0000c518   COMPRESSED   0x00000098   Data   RW          523    .data               N9H26_SYS.lib(wb_timer.o)
    0x0000c5b0   COMPRESSED   0x00000024   Data   RW          539    .data               N9H26_SYS.lib(wb_uart.o)
    0x0000c5d4   COMPRESSED   0x00000001   Data   RW          560    .data               N9H26_SYS.lib(wb_mmu.o)
    0x0000c5d5   COMPRESSED   0x00000003   PAD
    0x0000c5d8   COMPRESSED   0x00000004   Data   RW          797    .data               c_5.l(heapauxa.o)
    0x0000c5dc        -       0x00000020   Zero   RW            2    .bss                main.o
    0x0000c5fc   COMPRESSED   0x00000a04   PAD
    0x0000d000        -       0x00001010   Zero   RW          174    .bss                smpl_pdma_spi.o
    0x0000e010        -       0x000001a0   Zero   RW          326    .bss                n9h26_edma.o
    0x0000e1b0        -       0x000000d0   Zero   RW          351    .bss                drvedma.o
    0x0000e280        -       0x00000280   Zero   RW          522    .bss                N9H26_SYS.lib(wb_timer.o)
    0x0000e500        -       0x00000174   Zero   RW          538    .bss                N9H26_SYS.lib(wb_uart.o)
    0x0000e674   COMPRESSED   0x0000198c   PAD
    0x00010000        -       0x00004000   Zero   RW          559    .bss                N9H26_SYS.lib(wb_mmu.o)
    0x00014000        -       0x00002000   Zero   RW          578    .bss                N9H26_SYS.lib(wb_power.o)
    0x00016000        -       0x00000060   Zero   RW          765    .bss                c_5.l(libspace.o)


    Execution Region ZI (Exec base: 0x00016060, Load base: 0x0000c388, Size: 0x00000000, Max: 0xffffffff, ABSOLUTE)

    **** No section assigned to this execution region ****


==============================================================================

Image component sizes


      Code (inc. data)   RO Data    RW Data    ZI Data      Debug   Object Name

      9032        140          0          0        208      17925   drvedma.o
       776        192         68          0         32      18266   main.o
      2160         28          0          1        416       7743   n9h26_edma.o
      3348        276          0          5       4112       9688   smpl_pdma_spi.o
      5216        100          0         10          0       8217   spi.o
        64          4          0          0          0       1389   standalone.o
       172         56          0          0          0        312   wb_init.o

    ----------------------------------------------------------------------
     20768        796        116         19       7332      63540   Object Totals
         0          0         48          0          0          0   (incl. Generated)
         0          0          0          3       2564          0   (incl. Padding)

    ----------------------------------------------------------------------

      Code (inc. data)   RO Data    RW Data    ZI Data      Debug   Library Member Name

      6892         84          0          2          0      10554   spiflash_freertos.o
      2032         24          0        388          0      10307   wb_aic.o
       956         16          0          8          0       3168   wb_cache.o
      7368        532         32         40          0      10890   wb_config.o
       228         16          0          1      16384       1712   wb_mmu.o
         0          0          0          0       8192        527   wb_power.o
      5800        224          0        152        640       9682   wb_timer.o
      3924         80          0         36        372       6638   wb_uart.o
        92          0          0          0          0          0   __dczerorl2.o
         8          0          0          0          0         68   __main.o
         0          0          0          0          0          0   __rtentry.o
        44          4          0          0          0          0   __rtentry2.o
         8          0          0          0          0          0   __rtentry4.o
        60          8          0          0          0          0   __scatter.o
        40          0          0          0          0          0   __scatter_copy.o
        44          0          0          0          0          0   __scatter_zi.o
       416          0          0          0          0        144   aeabi_sdiv.o
        12          0          0          0          0         68   defsig_exit.o
        52          0          0          0          0         72   defsig_general.o
        80         58          0          0          0         68   defsig_rtmem_inner.o
        12          0          0          0          0         68   defsig_rtmem_outer.o
        16          0          0          0          0         68   exit.o
        98          0          0          0          0         72   h1_alloc.o
        52          0          0          0          0         68   h1_extend.o
        76          0          0          0          0         72   h1_free.o
        14          0          0          0          0         76   h1_init.o
        80          4          0          4          0         88   heapauxa.o
         4          0          0          0          0        120   hguard.o
       136          0          0          0          0        160   init_alloc.o
         2          0          0          0          0          0   libinit.o
        10          0          0          0          0          0   libinit2.o
         2          0          0          0          0          0   libshutdown.o
         2          0          0          0          0          0   libshutdown2.o
        12          4          0          0         96         68   libspace.o
         0          0          0          0          0          0   maybetermalloc1.o
        12          4          0          0          0         68   rt_heap_descriptor_intlibspace.o
       212          0          0          0          0         68   rt_memcpy.o
       100          0          0          0          0         80   rt_memcpy_w.o
         4          0          0          0          0          0   rtexit.o
        12          0          0          0          0          0   rtexit2.o
        68          6          0          0          0         72   strlen.o
        96          0          0          0          0         80   sys_stackheap_outer.o

    ----------------------------------------------------------------------
     29080       1064         32        637      32224      55126   Library Totals
         4          0          0          6       6540          0   (incl. Padding)

    ----------------------------------------------------------------------

      Code (inc. data)   RO Data    RW Data    ZI Data      Debug   Library Name

      6892         84          0          2          0      10554   N9H26_SPI_FreeRTOS.lib
     20308        892         32        625      25588      42924   N9H26_SYS.lib
      1876         88          0          4         96       1648   c_5.l

    ----------------------------------------------------------------------
     29080       1064         32        637      32224      55126   Library Totals

    ----------------------------------------------------------------------

==============================================================================


      Code (inc. data)   RO Data    RW Data    ZI Data      Debug   

     49848       1860        148        656      39556     116590   Grand Totals
     49848       1860        148         60      39556     116590   ELF Image Totals (compressed)
     49848       1860        148         60          0          0   ROM Totals

==============================================================================

    Total RO  Size (Code + RO Data)                49996 (  48.82kB)
    Total RW  Size (RW Data + ZI Data)             40212 (  39.27kB)
    Total ROM Size (Code + RO Data + RW Data)      50056 (  48.88kB)

==============================================================================

